Running single package build of bank-stablecoin as no multi-package.yaml was found.

2025-11-05 14:05:40.80 [INFO]  [build] 
Compiling bank-stablecoin to a DAR.
File:     ./Model/Loan.daml
Hidden:   no
Range:    28:5-33:25
Source:   parser
Severity: DsWarning
Message: 
[0;93m./Model/Loan.daml:28:5: warning:
    Template-local binding syntax ("template-let") is deprecated,
    it will be removed in a future version of Daml.
    Instead, use plain top level definitions, taking parameters
    for the contract fields or body ("this") if necessary.[0m
File:     ./Model/Stablecoin.daml
Hidden:   no
Range:    4:1-4:19
Source:   typecheck
Severity: DsWarning
Message: 
[0;93m./Model/Stablecoin.daml:4:1: warning:
    The import of ‘DA.Optional’ is redundant
      except perhaps to import instances from ‘DA.Optional’
    To import instances alone, use: import DA.Optional()[0m
File:     ./Model/Compliance.daml
Hidden:   no
Range:    4:1-4:15
Source:   typecheck
Severity: DsWarning
Message: 
[0;93m./Model/Compliance.daml:4:1: warning:
    The import of ‘DA.Date’ is redundant
      except perhaps to import instances from ‘DA.Date’
    To import instances alone, use: import DA.Date()[0m
File:     ./Model/Loan.daml
Hidden:   no
Range:    28:5-33:25
Source:   parser
Severity: DsWarning
Message: 
[0;93m./Model/Loan.daml:28:5: warning:
    Template-local binding syntax ("template-let") is deprecated,
    it will be removed in a future version of Daml.
    Instead, use plain top level definitions, taking parameters
    for the contract fields or body ("this") if necessary.[0m
File:     ./Model/Loan.daml
Hidden:   no
Range:    5:1-5:15
Source:   typecheck
Severity: DsWarning
Message: 
[0;93m./Model/Loan.daml:5:1: warning:
    The import of ‘DA.Time’ is redundant
      except perhaps to import instances from ‘DA.Time’
    To import instances alone, use: import DA.Time()[0m
File:     ./Model/AtomicSwap.daml
Hidden:   no
Range:    4:1-4:15
Source:   typecheck
Severity: DsWarning
Message: 
[0;93m./Model/AtomicSwap.daml:4:1: warning:
    The import of ‘DA.Date’ is redundant
      except perhaps to import instances from ‘DA.Date’
    To import instances alone, use: import DA.Date()[0m
File:     ./Model/MultiSig.daml
Hidden:   no
Range:    4:1-4:32
Source:   typecheck
Severity: DsWarning
Message: 
[0;93m./Model/MultiSig.daml:4:1: warning:
    The import of ‘delete’ from module ‘DA.List’ is redundant[0m
File:     ./Init.daml
Hidden:   no
Range:    7:1-7:36
Source:   typecheck
Severity: DsWarning
Message: 
[0;93m./Init.daml:7:1: warning:
    The qualified import of ‘Model.Loan’ is redundant
      except perhaps to import instances from ‘Model.Loan’
    To import instances alone, use: import Model.Loan()[0m
File:     ./Init.daml
Hidden:   no
Range:    9:1-9:44
Source:   typecheck
Severity: DsWarning
Message: 
[0;93m./Init.daml:9:1: warning:
    The qualified import of ‘Model.MultiSig’ is redundant
      except perhaps to import instances from ‘Model.MultiSig’
    To import instances alone, use: import Model.MultiSig()[0m
File:     ./Init.daml
Hidden:   no
Range:    10:1-10:50
Source:   typecheck
Severity: DsWarning
Message: 
[0;93m./Init.daml:10:1: warning:
    The qualified import of ‘Model.RealBankAccount’ is redundant
      except perhaps to import instances from ‘Model.RealBankAccount’
    To import instances alone, use: import Model.RealBankAccount()[0m
File:     ./Model/Account.daml
Hidden:   no
Range:    4:1-4:15
Source:   typecheck
Severity: DsWarning
Message: 
[0;93m./Model/Account.daml:4:1: warning:
    The import of ‘DA.Date’ is redundant
      except perhaps to import instances from ‘DA.Date’
    To import instances alone, use: import DA.Date()[0m

2025-11-05 14:05:44.95 [INFO]  [build] 
Created .daml/dist/bank-stablecoin-1.0.0.dar
Generating 057eed1fd48c238491b8ea06b9b5bf85a5d4c9275dd3f6183e0e6b01730cc2ba
Generating 3f4deaf145a15cdcfa762c058005e2edb9baa75bb7f95a4f8f6f937378e86415
Generating 40f452260bef3f29dede136108fc08a88d5a5250310281067087da6f0baddff7
Generating 518032f41fd0175461b35ae0c9691e08b4aea55e62915f8360af2cc7a1f2ba6c
Generating 5921708ce82f4255deb1b26d2c05358b548720938a5a325718dc69f381ba47ff
Generating 671ba5c19c9df53e9d1d3025b3edb2186a687b1a75331e88a1119bfaed27fd4b
Generating 6839a6d3d430c569b2425e9391717b44ca324b88ba621d597778811b2d05031d
Generating 6c2c0667393c5f92f1885163068cd31800d2264eb088eb6fc740e11241b2bf06
Generating 733e38d36a2759688a4b2c4cec69d48e7b55ecc8dedc8067b815926c917a182a
Generating 86828b9843465f419db1ef8a8ee741d1eef645df02375ebf509cdc8c3ddd16cb
Generating 8a7806365bbd98d88b4c13832ebfa305f6abaeaf32cfa2b7dd25c4fa489b79fb
Generating 97b883cd8a2b7f49f90d5d39c981cf6e110cf1f1c64427a28a6d58ec88c43657
Generating 99a2705ed38c1c26cbb8fe7acf36bbf626668e167a33335de932599219e0a235
Generating bfcd37bd6b84768e86e432f5f6c33e25d9e7724a9d42e33875ff74f6348e733f
Generating c1f1f00558799eec139fb4f4c76f95fb52fa1837a5dd29600baa1c8ed1bdccfd
Generating cb0552debf219cc909f51cbb5c3b41e9981d39f8f645b1f35e2ef5be2e0b858a
Generating cd9a9b806759a9a6705547687b7118130edc51f790f396ba2c1206ad156025d9
Generating d14e08374fc7197d6a0de468c968ae8ba3aadbf9315476fd39071831f5923662
Generating e22bce619ae24ca3b8e6519281cb5a33b64b3190cc763248b4c3f9ad5087a92c
Generating e4cc67c3264eba4a19c080cac5ab32d87551578e0f5f58b6a9460f91c7abc254
Generating f20de1e4e37b92280264c08bf15eca0be0bc5babd7a7b5e574997f154c00cb78
Waiting for canton sandbox to start.
Uploading .daml/dist/bank-stablecoin-1.0.0.dar to localhost:6865
DAR upload succeeded.
Running the initialization script.
Slf4jLogger started
[DA.Internal.Prelude:557]: \"Created USD and EUR holdings with exchange rates and fiat banking reserves\"
Running CoordinatedShutdown with reason [ActorSystemTerminateReason]
Waiting for JSON API to start: 
2025-11-05 14:06:16.858 [main] INFO  com.daml.http.Main - Config(ledgerHost=localhost, ledgerPort=6865, address=0.0.0.0, httpPort=7575, https=None, portFile=None, packageReloadInterval=5 seconds, packageMaxInboundMessageSize=None, maxInboundMessageSize=4194304, tlsConfig=TlsConfiguration(false,None,None,None,None,REQUIRE,false,None), jdbcConfig=None, staticContentConfig=None, authConfig=None, allowNonHttps=true, wsConfig=None, nonRepudiationCertificateFile=None, nonRepudiationPrivateKeyFile=None, nonRepudiationPrivateKeyAlgorithm=None, surrogateTpIdCacheMaxEntries=None), context: {instance_uuid: "ed50f20b-63c5-430c-ad76-3d5492abf446"} 
2025-11-05 14:06:17.197 [http-json-ledger-api-pekko.actor.default-dispatcher-5] INFO  o.a.pekko.event.slf4j.Slf4jLogger - Slf4jLogger started 
2025-11-05 14:06:17.536 [http-json-ledger-api-pekko.actor.default-dispatcher-15] INFO  com.daml.http.HttpService - HTTP Server pre-startup, context: {instance_uuid: "ed50f20b-63c5-430c-ad76-3d5492abf446"} 
2025-11-05 14:06:17.801 [http-json-ledger-api-pekko.actor.default-dispatcher-15] INFO  com.daml.http.LedgerClient - Attempting to connect to the ledger localhost:6865 (600 attempts), context: {instance_uuid: "ed50f20b-63c5-430c-ad76-3d5492abf446"} 
2025-11-05 14:06:18.310 [http-json-ledger-api-pekko.actor.default-dispatcher-15] INFO  com.daml.http.LedgerClient - Attempt 1/600 succeeded!, context: {instance_uuid: "ed50f20b-63c5-430c-ad76-3d5492abf446"} 
2025-11-05 14:06:18.315 [http-json-ledger-api-pekko.actor.default-dispatcher-15] INFO  com.daml.http.LedgerClient - Attempting to connect to the ledger localhost:6865 (600 attempts), context: {instance_uuid: "ed50f20b-63c5-430c-ad76-3d5492abf446"} 
2025-11-05 14:06:18.319 [http-json-ledger-api-pekko.actor.default-dispatcher-15] INFO  com.daml.http.LedgerClient - Attempt 1/600 succeeded!, context: {instance_uuid: "ed50f20b-63c5-430c-ad76-3d5492abf446"} 
2025-11-05 14:06:18.319 [http-json-ledger-api-pekko.actor.default-dispatcher-15] INFO  com.daml.http.HttpService - contractDao: None, context: {instance_uuid: "ed50f20b-63c5-430c-ad76-3d5492abf446"} 
2025-11-05 14:06:19.080 [http-json-ledger-api-pekko.actor.default-dispatcher-10] INFO  com.daml.http.Main - Started server: (ServerBinding(/0:0:0:0:0:0:0:0:7575),None), context: {instance_uuid: "ed50f20b-63c5-430c-ad76-3d5492abf446"} 
2025-11-05 14:06:19.570 [http-json-ledger-api-pekko.actor.default-dispatcher-7] INFO  com.daml.http.Endpoints - Incoming GET request on http://localhost:7575/readyz from unknown, context: {instance_uuid: "ed50f20b-63c5-430c-ad76-3d5492abf446", request_id: "99bd1972-ee04-4965-91cd-50bd3099807b"} 
2025-11-05 14:06:19.575 [http-json-ledger-api-pekko.actor.default-dispatcher-10] INFO  com.daml.http.Endpoints - Responding to client with HTTP 200 OK, context: {instance_uuid: "ed50f20b-63c5-430c-ad76-3d5492abf446", request_id: "99bd1972-ee04-4965-91cd-50bd3099807b"} 
......[93m
Press 'r' to re-build and upload the package to the sandbox.
Press 'Ctrl-C' to quit.
[0mdaml: <stdin>: hGetChar: end of file
2025-11-05 14:14:07.929 [http-json-ledger-api-pekko.actor.default-dispatcher-11] INFO  com.daml.http.WebsocketEndpoints - GOT daml.ws.auth, context: {instance_uuid: "ed50f20b-63c5-430c-ad76-3d5492abf446", request_id: "87740de6-710a-4858-93f2-e0a7607248f2"} 
2025-11-05 14:14:07.929 [http-json-ledger-api-pekko.actor.default-dispatcher-12] INFO  com.daml.http.WebsocketEndpoints - GOT daml.ws.auth, context: {instance_uuid: "ed50f20b-63c5-430c-ad76-3d5492abf446", request_id: "c9d132c1-e522-4b24-b6f8-1c97d6d84027"} 
2025-11-05 14:14:08.273 [http-json-ledger-api-pekko.actor.default-dispatcher-12] INFO  com.daml.http.WebSocketService - New websocket client has connected, current number of clients:2, context: {instance_uuid: "ed50f20b-63c5-430c-ad76-3d5492abf446", request_id: "c9d132c1-e522-4b24-b6f8-1c97d6d84027"} 
2025-11-05 14:14:08.273 [http-json-ledger-api-pekko.actor.default-dispatcher-11] INFO  com.daml.http.WebSocketService - New websocket client has connected, current number of clients:1, context: {instance_uuid: "ed50f20b-63c5-430c-ad76-3d5492abf446", request_id: "87740de6-710a-4858-93f2-e0a7607248f2"} 
2025-11-05 14:14:08.285 [http-json-ledger-api-pekko.actor.default-dispatcher-7] INFO  com.daml.http.WebSocketService - Websocket client has disconnected. Current number of clients: 1, context: {instance_uuid: "ed50f20b-63c5-430c-ad76-3d5492abf446", request_id: "c9d132c1-e522-4b24-b6f8-1c97d6d84027"} 
2025-11-05 14:14:10.396 [http-json-ledger-api-pekko.actor.default-dispatcher-22] INFO  com.daml.http.PackageService - new package IDs loaded: 18597917bc74b69da52b6868f118979353b62ebec4363329cd3d843b46e76702, 86828b9843465f419db1ef8a8ee741d1eef645df02375ebf509cdc8c3ddd16cb, 5921708ce82f4255deb1b26d2c05358b548720938a5a325718dc69f381ba47ff, cd9a9b806759a9a6705547687b7118130edc51f790f396ba2c1206ad156025d9, cc348d369011362a5190fe96dd1f0dfbc697fdfd10e382b9e9666f0da05961b7, 99a2705ed38c1c26cbb8fe7acf36bbf626668e167a33335de932599219e0a235, e22bce619ae24ca3b8e6519281cb5a33b64b3190cc763248b4c3f9ad5087a92c, d58cf9939847921b2aab78eaa7b427dc4c649d25e6bee3c749ace4c3f52f5c97, 6c2c0667393c5f92f1885163068cd31800d2264eb088eb6fc740e11241b2bf06, 315cb5676675c14e71453d4a9a2a58900e5b50d6665cba4cdf21f58b22abff83, 8a7806365bbd98d88b4c13832ebfa305f6abaeaf32cfa2b7dd25c4fa489b79fb, c1f1f00558799eec139fb4f4c76f95fb52fa1837a5dd29600baa1c8ed1bdccfd, 733e38d36a2759688a4b2c4cec69d48e7b55ecc8dedc8067b815926c917a182a, 1cc0ce9df7722b71fdfd172e9684c4855a7946a4a6933e784c7d9de8fac081c9, e8b3e0650dc0245a4a42133eb3b71b2ac7c3e03f25ee4df378b8089210a1bb6d, bf5d87e92f338ea2367741d6cfb9a1fa02f93c167cef6eb08e76e1a44474b746, 65921e553a353588e950cbc87e98a127730e63295f7ad8d3adae952ef0133b3e, f20de1e4e37b92280264c08bf15eca0be0bc5babd7a7b5e574997f154c00cb78, 3f4deaf145a15cdcfa762c058005e2edb9baa75bb7f95a4f8f6f937378e86415, bfcd37bd6b84768e86e432f5f6c33e25d9e7724a9d42e33875ff74f6348e733f, 6df2d1fd8ea994ed048a79587b2722e3a887ac7592abf31ecf46fe09ac02d689, 57b5c520512c24035057aa4c783cb7ac7f3f49db29806280962e188be7aadb66, e4cc67c3264eba4a19c080cac5ab32d87551578e0f5f58b6a9460f91c7abc254, 518032f41fd0175461b35ae0c9691e08b4aea55e62915f8360af2cc7a1f2ba6c, 6851f194e144b693e63e9034b956c76cef6b5088dd8c66a657ab652a204dba2b, 6839a6d3d430c569b2425e9391717b44ca324b88ba621d597778811b2d05031d, cb0552debf219cc909f51cbb5c3b41e9981d39f8f645b1f35e2ef5be2e0b858a, 76bf0fd12bd945762a01f8fc5bbcdfa4d0ff20f8762af490f8f41d6237c6524f, 852d8e3a8ccf952acc73e17522846bc1eb41498e840d637e519ddcca7dbc7671, 10e0333b52bba1ff147fc408a6b7d68465b157635ee230493bd6029b750dcb05, d14e08374fc7197d6a0de468c968ae8ba3aadbf9315476fd39071831f5923662, 057eed1fd48c238491b8ea06b9b5bf85a5d4c9275dd3f6183e0e6b01730cc2ba, 38e6274601b21d7202bb995bc5ec147decda5a01b68d57dda422425038772af7, e491352788e56ca4603acc411ffe1a49fefd76ed8b163af86cf5ee5f4c38645b, 40f452260bef3f29dede136108fc08a88d5a5250310281067087da6f0baddff7, 97b883cd8a2b7f49f90d5d39c981cf6e110cf1f1c64427a28a6d58ec88c43657, 671ba5c19c9df53e9d1d3025b3edb2186a687b1a75331e88a1119bfaed27fd4b, context: {instance_uuid: "ed50f20b-63c5-430c-ad76-3d5492abf446", request_id: "87740de6-710a-4858-93f2-e0a7607248f2"} 
2025-11-05 14:14:17.092 [http-json-ledger-api-pekko.actor.default-dispatcher-25] INFO  com.daml.http.WebSocketService - Websocket client has disconnected. Current number of clients: 0, context: {instance_uuid: "ed50f20b-63c5-430c-ad76-3d5492abf446", request_id: "87740de6-710a-4858-93f2-e0a7607248f2"} 
2025-11-05 14:14:17.103 [http-json-ledger-api-pekko.actor.default-dispatcher-19] INFO  com.daml.http.WebsocketEndpoints - GOT daml.ws.auth, context: {instance_uuid: "ed50f20b-63c5-430c-ad76-3d5492abf446", request_id: "b0649c7b-8470-4c64-b05c-31fdc24ec033"} 
2025-11-05 14:14:17.114 [http-json-ledger-api-pekko.actor.default-dispatcher-23] INFO  com.daml.http.WebsocketEndpoints - GOT daml.ws.auth, context: {instance_uuid: "ed50f20b-63c5-430c-ad76-3d5492abf446", request_id: "69e00a31-ff5a-44c3-8b7e-b0d3a37acb0c"} 
2025-11-05 14:14:17.115 [http-json-ledger-api-pekko.actor.default-dispatcher-19] INFO  com.daml.http.WebSocketService - New websocket client has connected, current number of clients:1, context: {instance_uuid: "ed50f20b-63c5-430c-ad76-3d5492abf446", request_id: "b0649c7b-8470-4c64-b05c-31fdc24ec033"} 
2025-11-05 14:14:17.134 [http-json-ledger-api-pekko.actor.default-dispatcher-23] INFO  com.daml.http.WebSocketService - New websocket client has connected, current number of clients:2, context: {instance_uuid: "ed50f20b-63c5-430c-ad76-3d5492abf446", request_id: "69e00a31-ff5a-44c3-8b7e-b0d3a37acb0c"} 
2025-11-05 14:14:17.138 [http-json-ledger-api-pekko.actor.default-dispatcher-23] INFO  com.daml.http.WebSocketService - Websocket client has disconnected. Current number of clients: 1, context: {instance_uuid: "ed50f20b-63c5-430c-ad76-3d5492abf446", request_id: "b0649c7b-8470-4c64-b05c-31fdc24ec033"} 
2025-11-05 14:14:17.243 [http-json-ledger-api-pekko.actor.default-dispatcher-24] INFO  com.daml.http.WebsocketEndpoints - GOT daml.ws.auth, context: {instance_uuid: "ed50f20b-63c5-430c-ad76-3d5492abf446", request_id: "d403aaf2-fff0-4bc7-b1ec-a383fe8400da"} 
2025-11-05 14:14:17.249 [http-json-ledger-api-pekko.actor.default-dispatcher-24] INFO  com.daml.http.WebSocketService - New websocket client has connected, current number of clients:2, context: {instance_uuid: "ed50f20b-63c5-430c-ad76-3d5492abf446", request_id: "d403aaf2-fff0-4bc7-b1ec-a383fe8400da"} 
2025-11-05 14:14:17.308 [http-json-ledger-api-pekko.actor.default-dispatcher-22] INFO  com.daml.http.WebsocketEndpoints - GOT daml.ws.auth, context: {instance_uuid: "ed50f20b-63c5-430c-ad76-3d5492abf446", request_id: "bde91159-5c0a-4792-a59e-ac631c2fe4ba"} 
2025-11-05 14:14:17.321 [http-json-ledger-api-pekko.actor.default-dispatcher-22] INFO  com.daml.http.WebSocketService - New websocket client has connected, current number of clients:3, context: {instance_uuid: "ed50f20b-63c5-430c-ad76-3d5492abf446", request_id: "bde91159-5c0a-4792-a59e-ac631c2fe4ba"} 
2025-11-05 14:14:17.345 [http-json-ledger-api-pekko.actor.default-dispatcher-12] INFO  com.daml.http.WebsocketEndpoints - GOT daml.ws.auth, context: {instance_uuid: "ed50f20b-63c5-430c-ad76-3d5492abf446", request_id: "d44ce372-48b6-477c-bbbf-ef2db9a981e9"} 
2025-11-05 14:14:17.349 [http-json-ledger-api-pekko.actor.default-dispatcher-12] INFO  com.daml.http.WebSocketService - New websocket client has connected, current number of clients:4, context: {instance_uuid: "ed50f20b-63c5-430c-ad76-3d5492abf446", request_id: "d44ce372-48b6-477c-bbbf-ef2db9a981e9"} 
2025-11-05 14:14:17.373 [http-json-ledger-api-pekko.actor.default-dispatcher-23] INFO  com.daml.http.WebsocketEndpoints - GOT daml.ws.auth, context: {instance_uuid: "ed50f20b-63c5-430c-ad76-3d5492abf446", request_id: "350c77ec-4f93-4d61-a3f5-da04c545fe53"} 
2025-11-05 14:14:17.379 [http-json-ledger-api-pekko.actor.default-dispatcher-23] INFO  com.daml.http.WebSocketService - New websocket client has connected, current number of clients:5, context: {instance_uuid: "ed50f20b-63c5-430c-ad76-3d5492abf446", request_id: "350c77ec-4f93-4d61-a3f5-da04c545fe53"} 
2025-11-05 15:02:16.912 [http-json-ledger-api-pekko.actor.default-dispatcher-23] INFO  com.daml.http.WebSocketService - Websocket client has disconnected. Current number of clients: 1, context: {instance_uuid: "ed50f20b-63c5-430c-ad76-3d5492abf446", request_id: "350c77ec-4f93-4d61-a3f5-da04c545fe53"} 
2025-11-05 15:02:16.895 [http-json-ledger-api-pekko.actor.default-dispatcher-12] INFO  com.daml.http.WebSocketService - Websocket client has disconnected. Current number of clients: 2, context: {instance_uuid: "ed50f20b-63c5-430c-ad76-3d5492abf446", request_id: "d44ce372-48b6-477c-bbbf-ef2db9a981e9"} 
2025-11-05 15:02:16.895 [http-json-ledger-api-pekko.actor.default-dispatcher-21] INFO  com.daml.http.WebSocketService - Websocket client has disconnected. Current number of clients: 0, context: {instance_uuid: "ed50f20b-63c5-430c-ad76-3d5492abf446", request_id: "d403aaf2-fff0-4bc7-b1ec-a383fe8400da"} 
2025-11-05 15:02:16.895 [http-json-ledger-api-pekko.actor.default-dispatcher-25] INFO  com.daml.http.WebSocketService - Websocket client has disconnected. Current number of clients: 3, context: {instance_uuid: "ed50f20b-63c5-430c-ad76-3d5492abf446", request_id: "69e00a31-ff5a-44c3-8b7e-b0d3a37acb0c"} 
2025-11-05 15:02:16.896 [http-json-ledger-api-pekko.actor.default-dispatcher-7] INFO  com.daml.http.WebSocketService - Websocket client has disconnected. Current number of clients: 4, context: {instance_uuid: "ed50f20b-63c5-430c-ad76-3d5492abf446", request_id: "bde91159-5c0a-4792-a59e-ac631c2fe4ba"} 
2025-11-05 15:02:16.965 [http-json-ledger-api-pekko.actor.default-dispatcher-23] INFO  com.daml.http.WebsocketEndpoints - GOT daml.ws.auth, context: {instance_uuid: "ed50f20b-63c5-430c-ad76-3d5492abf446", request_id: "5544872e-60aa-4b77-8489-10025fc75e07"} 
2025-11-05 15:02:16.993 [http-json-ledger-api-pekko.actor.default-dispatcher-23] INFO  com.daml.http.WebSocketService - New websocket client has connected, current number of clients:1, context: {instance_uuid: "ed50f20b-63c5-430c-ad76-3d5492abf446", request_id: "5544872e-60aa-4b77-8489-10025fc75e07"} 
2025-11-05 15:02:17.018 [http-json-ledger-api-pekko.actor.default-dispatcher-24] INFO  com.daml.http.WebsocketEndpoints - GOT daml.ws.auth, context: {instance_uuid: "ed50f20b-63c5-430c-ad76-3d5492abf446", request_id: "5e179359-cd1e-4c28-bf76-8c13b35180bf"} 
2025-11-05 15:02:17.023 [http-json-ledger-api-pekko.actor.default-dispatcher-24] INFO  com.daml.http.WebSocketService - New websocket client has connected, current number of clients:2, context: {instance_uuid: "ed50f20b-63c5-430c-ad76-3d5492abf446", request_id: "5e179359-cd1e-4c28-bf76-8c13b35180bf"} 
2025-11-05 15:02:17.053 [http-json-ledger-api-pekko.actor.default-dispatcher-7] INFO  com.daml.http.WebsocketEndpoints - GOT daml.ws.auth, context: {instance_uuid: "ed50f20b-63c5-430c-ad76-3d5492abf446", request_id: "e75c334d-2ca1-481f-9db2-49ab0633e4ed"} 
2025-11-05 15:02:17.066 [http-json-ledger-api-pekko.actor.default-dispatcher-25] INFO  com.daml.http.WebSocketService - New websocket client has connected, current number of clients:3, context: {instance_uuid: "ed50f20b-63c5-430c-ad76-3d5492abf446", request_id: "e75c334d-2ca1-481f-9db2-49ab0633e4ed"} 
2025-11-05 15:02:17.114 [http-json-ledger-api-pekko.actor.default-dispatcher-7] INFO  com.daml.http.WebsocketEndpoints - GOT daml.ws.auth, context: {instance_uuid: "ed50f20b-63c5-430c-ad76-3d5492abf446", request_id: "f4a659de-d65e-41cf-9e4f-939665be64ca"} 
2025-11-05 15:02:17.124 [http-json-ledger-api-pekko.actor.default-dispatcher-7] INFO  com.daml.http.WebSocketService - New websocket client has connected, current number of clients:4, context: {instance_uuid: "ed50f20b-63c5-430c-ad76-3d5492abf446", request_id: "f4a659de-d65e-41cf-9e4f-939665be64ca"} 
2025-11-05 15:02:17.177 [http-json-ledger-api-pekko.actor.default-dispatcher-7] INFO  com.daml.http.WebsocketEndpoints - GOT daml.ws.auth, context: {instance_uuid: "ed50f20b-63c5-430c-ad76-3d5492abf446", request_id: "41a7a2dd-7b39-4748-baa3-3b4bbfad1319"} 
2025-11-05 15:02:17.183 [http-json-ledger-api-pekko.actor.default-dispatcher-7] INFO  com.daml.http.WebSocketService - New websocket client has connected, current number of clients:5, context: {instance_uuid: "ed50f20b-63c5-430c-ad76-3d5492abf446", request_id: "41a7a2dd-7b39-4748-baa3-3b4bbfad1319"} 
2025-11-05 10:32:48,372 [daml.index.db.connection.indexer housekeeper] WARN  com.zaxxer.hikari.pool.HikariPool - daml.index.db.connection.indexer - Thread starvation or clock leap detected (housekeeper delta=30m25s323ms).
2025-11-05 10:32:48,627 [daml.index.db.connection.api-server housekeeper] WARN  com.zaxxer.hikari.pool.HikariPool - daml.index.db.connection.api-server - Thread starvation or clock leap detected (housekeeper delta=30m25s330ms).
2025-11-05 11:31:43,934 [daml.index.db.connection.indexer housekeeper] WARN  com.zaxxer.hikari.pool.HikariPool - daml.index.db.connection.indexer - Thread starvation or clock leap detected (housekeeper delta=18m24s857ms).
2025-11-05 11:31:44,348 [daml.index.db.connection.api-server housekeeper] WARN  com.zaxxer.hikari.pool.HikariPool - daml.index.db.connection.api-server - Thread starvation or clock leap detected (housekeeper delta=18m25s113ms).
2025-11-05 16:35:51.349 [http-json-ledger-api-pekko.actor.default-dispatcher-10] INFO  com.daml.http.WebSocketService - Websocket client has disconnected. Current number of clients: 2, context: {instance_uuid: "ed50f20b-63c5-430c-ad76-3d5492abf446", request_id: "f4a659de-d65e-41cf-9e4f-939665be64ca"} 
2025-11-05 16:35:51.349 [http-json-ledger-api-pekko.actor.default-dispatcher-25] INFO  com.daml.http.WebSocketService - Websocket client has disconnected. Current number of clients: 3, context: {instance_uuid: "ed50f20b-63c5-430c-ad76-3d5492abf446", request_id: "e75c334d-2ca1-481f-9db2-49ab0633e4ed"} 
2025-11-05 16:35:51.351 [http-json-ledger-api-pekko.actor.default-dispatcher-23] INFO  com.daml.http.WebSocketService - Websocket client has disconnected. Current number of clients: 0, context: {instance_uuid: "ed50f20b-63c5-430c-ad76-3d5492abf446", request_id: "5e179359-cd1e-4c28-bf76-8c13b35180bf"} 
2025-11-05 16:35:51.351 [http-json-ledger-api-pekko.actor.default-dispatcher-12] INFO  com.daml.http.WebSocketService - Websocket client has disconnected. Current number of clients: 1, context: {instance_uuid: "ed50f20b-63c5-430c-ad76-3d5492abf446", request_id: "5544872e-60aa-4b77-8489-10025fc75e07"} 
2025-11-05 16:35:51.351 [http-json-ledger-api-pekko.actor.default-dispatcher-16] INFO  com.daml.http.WebSocketService - Websocket client has disconnected. Current number of clients: 4, context: {instance_uuid: "ed50f20b-63c5-430c-ad76-3d5492abf446", request_id: "41a7a2dd-7b39-4748-baa3-3b4bbfad1319"} 
2025-11-05 16:35:57.455 [http-json-ledger-api-pekko.actor.default-dispatcher-11] INFO  com.daml.http.WebsocketEndpoints - GOT daml.ws.auth, context: {instance_uuid: "ed50f20b-63c5-430c-ad76-3d5492abf446", request_id: "9cbb2acc-2488-48dd-a0fc-5fe6efbc0440"} 
2025-11-05 16:35:57.455 [http-json-ledger-api-pekko.actor.default-dispatcher-10] INFO  com.daml.http.WebsocketEndpoints - GOT daml.ws.auth, context: {instance_uuid: "ed50f20b-63c5-430c-ad76-3d5492abf446", request_id: "b1b92b8a-c47d-42d4-94f5-6da53ec2ac5a"} 
2025-11-05 16:35:57.473 [http-json-ledger-api-pekko.actor.default-dispatcher-11] INFO  com.daml.http.WebSocketService - New websocket client has connected, current number of clients:1, context: {instance_uuid: "ed50f20b-63c5-430c-ad76-3d5492abf446", request_id: "9cbb2acc-2488-48dd-a0fc-5fe6efbc0440"} 
2025-11-05 16:35:57.473 [http-json-ledger-api-pekko.actor.default-dispatcher-10] INFO  com.daml.http.WebSocketService - New websocket client has connected, current number of clients:2, context: {instance_uuid: "ed50f20b-63c5-430c-ad76-3d5492abf446", request_id: "b1b92b8a-c47d-42d4-94f5-6da53ec2ac5a"} 
2025-11-05 16:35:57.475 [http-json-ledger-api-pekko.actor.default-dispatcher-10] INFO  com.daml.http.WebSocketService - Websocket client has disconnected. Current number of clients: 1, context: {instance_uuid: "ed50f20b-63c5-430c-ad76-3d5492abf446", request_id: "9cbb2acc-2488-48dd-a0fc-5fe6efbc0440"} 
2025-11-05 16:36:01.275 [http-json-ledger-api-pekko.actor.default-dispatcher-10] INFO  com.daml.http.WebSocketService - Websocket client has disconnected. Current number of clients: 0, context: {instance_uuid: "ed50f20b-63c5-430c-ad76-3d5492abf446", request_id: "b1b92b8a-c47d-42d4-94f5-6da53ec2ac5a"} 
2025-11-05 16:36:01.309 [http-json-ledger-api-pekko.actor.default-dispatcher-25] INFO  com.daml.http.WebsocketEndpoints - GOT daml.ws.auth, context: {instance_uuid: "ed50f20b-63c5-430c-ad76-3d5492abf446", request_id: "224f4049-8a07-42bd-8be4-0dd892826ec6"} 
2025-11-05 16:36:01.316 [http-json-ledger-api-pekko.actor.default-dispatcher-25] INFO  com.daml.http.WebSocketService - New websocket client has connected, current number of clients:1, context: {instance_uuid: "ed50f20b-63c5-430c-ad76-3d5492abf446", request_id: "224f4049-8a07-42bd-8be4-0dd892826ec6"} 
2025-11-05 16:36:01.318 [http-json-ledger-api-pekko.actor.default-dispatcher-16] INFO  com.daml.http.WebsocketEndpoints - GOT daml.ws.auth, context: {instance_uuid: "ed50f20b-63c5-430c-ad76-3d5492abf446", request_id: "3ee81243-8979-4a06-a535-050a26d3514f"} 
2025-11-05 16:36:01.318 [http-json-ledger-api-pekko.actor.default-dispatcher-10] INFO  com.daml.http.WebSocketService - Websocket client has disconnected. Current number of clients: 0, context: {instance_uuid: "ed50f20b-63c5-430c-ad76-3d5492abf446", request_id: "224f4049-8a07-42bd-8be4-0dd892826ec6"} 
2025-11-05 16:36:01.325 [http-json-ledger-api-pekko.actor.default-dispatcher-16] INFO  com.daml.http.WebSocketService - New websocket client has connected, current number of clients:1, context: {instance_uuid: "ed50f20b-63c5-430c-ad76-3d5492abf446", request_id: "3ee81243-8979-4a06-a535-050a26d3514f"} 
2025-11-05 16:36:01.355 [http-json-ledger-api-pekko.actor.default-dispatcher-10] INFO  com.daml.http.WebsocketEndpoints - GOT daml.ws.auth, context: {instance_uuid: "ed50f20b-63c5-430c-ad76-3d5492abf446", request_id: "b7c48e92-14cc-4435-83da-17db1b456ff2"} 
2025-11-05 16:36:01.361 [http-json-ledger-api-pekko.actor.default-dispatcher-10] INFO  com.daml.http.WebSocketService - New websocket client has connected, current number of clients:2, context: {instance_uuid: "ed50f20b-63c5-430c-ad76-3d5492abf446", request_id: "b7c48e92-14cc-4435-83da-17db1b456ff2"} 
2025-11-05 16:36:01.386 [http-json-ledger-api-pekko.actor.default-dispatcher-16] INFO  com.daml.http.WebsocketEndpoints - GOT daml.ws.auth, context: {instance_uuid: "ed50f20b-63c5-430c-ad76-3d5492abf446", request_id: "4edbd7a8-7bf5-47a3-b0e4-87d6c55f4edd"} 
2025-11-05 16:36:01.391 [http-json-ledger-api-pekko.actor.default-dispatcher-16] INFO  com.daml.http.WebSocketService - New websocket client has connected, current number of clients:3, context: {instance_uuid: "ed50f20b-63c5-430c-ad76-3d5492abf446", request_id: "4edbd7a8-7bf5-47a3-b0e4-87d6c55f4edd"} 
2025-11-05 16:36:01.411 [http-json-ledger-api-pekko.actor.default-dispatcher-25] INFO  com.daml.http.WebsocketEndpoints - GOT daml.ws.auth, context: {instance_uuid: "ed50f20b-63c5-430c-ad76-3d5492abf446", request_id: "c2fa2f9c-33b7-4512-a957-805c1ca88447"} 
2025-11-05 16:36:01.415 [http-json-ledger-api-pekko.actor.default-dispatcher-25] INFO  com.daml.http.WebSocketService - New websocket client has connected, current number of clients:4, context: {instance_uuid: "ed50f20b-63c5-430c-ad76-3d5492abf446", request_id: "c2fa2f9c-33b7-4512-a957-805c1ca88447"} 
2025-11-05 16:36:01.439 [http-json-ledger-api-pekko.actor.default-dispatcher-25] INFO  com.daml.http.WebsocketEndpoints - GOT daml.ws.auth, context: {instance_uuid: "ed50f20b-63c5-430c-ad76-3d5492abf446", request_id: "72130e6a-23d1-4d9a-bbc8-95ac9ab32a56"} 
2025-11-05 16:36:01.444 [http-json-ledger-api-pekko.actor.default-dispatcher-25] INFO  com.daml.http.WebSocketService - New websocket client has connected, current number of clients:5, context: {instance_uuid: "ed50f20b-63c5-430c-ad76-3d5492abf446", request_id: "72130e6a-23d1-4d9a-bbc8-95ac9ab32a56"} 
2025-11-05 16:38:52.873 [http-json-ledger-api-pekko.actor.default-dispatcher-16] INFO  com.daml.http.WebSocketService - Websocket client has disconnected. Current number of clients: 3, context: {instance_uuid: "ed50f20b-63c5-430c-ad76-3d5492abf446", request_id: "c2fa2f9c-33b7-4512-a957-805c1ca88447"} 
2025-11-05 16:38:52.878 [http-json-ledger-api-pekko.actor.default-dispatcher-10] INFO  com.daml.http.WebSocketService - Websocket client has disconnected. Current number of clients: 4, context: {instance_uuid: "ed50f20b-63c5-430c-ad76-3d5492abf446", request_id: "72130e6a-23d1-4d9a-bbc8-95ac9ab32a56"} 
2025-11-05 16:38:52.877 [http-json-ledger-api-pekko.actor.default-dispatcher-24] INFO  com.daml.http.WebSocketService - Websocket client has disconnected. Current number of clients: 2, context: {instance_uuid: "ed50f20b-63c5-430c-ad76-3d5492abf446", request_id: "b7c48e92-14cc-4435-83da-17db1b456ff2"} 
2025-11-05 16:38:52.903 [http-json-ledger-api-pekko.actor.default-dispatcher-19] INFO  com.daml.http.WebSocketService - Websocket client has disconnected. Current number of clients: 1, context: {instance_uuid: "ed50f20b-63c5-430c-ad76-3d5492abf446", request_id: "4edbd7a8-7bf5-47a3-b0e4-87d6c55f4edd"} 
2025-11-05 16:38:52.931 [http-json-ledger-api-pekko.actor.default-dispatcher-7] INFO  com.daml.http.WebSocketService - Websocket client has disconnected. Current number of clients: 0, context: {instance_uuid: "ed50f20b-63c5-430c-ad76-3d5492abf446", request_id: "3ee81243-8979-4a06-a535-050a26d3514f"} 
2025-11-05 16:38:59.229 [http-json-ledger-api-pekko.actor.default-dispatcher-22] INFO  com.daml.http.WebsocketEndpoints - GOT daml.ws.auth, context: {instance_uuid: "ed50f20b-63c5-430c-ad76-3d5492abf446", request_id: "ccd745d2-f44d-4580-a54f-c6eb20d4767d"} 
2025-11-05 16:38:59.232 [http-json-ledger-api-pekko.actor.default-dispatcher-22] INFO  com.daml.http.WebSocketService - New websocket client has connected, current number of clients:1, context: {instance_uuid: "ed50f20b-63c5-430c-ad76-3d5492abf446", request_id: "ccd745d2-f44d-4580-a54f-c6eb20d4767d"} 
2025-11-05 16:39:03.067 [http-json-ledger-api-pekko.actor.default-dispatcher-22] INFO  com.daml.http.WebSocketService - Websocket client has disconnected. Current number of clients: 0, context: {instance_uuid: "ed50f20b-63c5-430c-ad76-3d5492abf446", request_id: "ccd745d2-f44d-4580-a54f-c6eb20d4767d"} 
2025-11-05 16:39:03.101 [http-json-ledger-api-pekko.actor.default-dispatcher-22] INFO  com.daml.http.WebsocketEndpoints - GOT daml.ws.auth, context: {instance_uuid: "ed50f20b-63c5-430c-ad76-3d5492abf446", request_id: "0d6962d0-184c-4534-a326-c0f2e1d370ee"} 
2025-11-05 16:39:03.108 [http-json-ledger-api-pekko.actor.default-dispatcher-22] INFO  com.daml.http.WebSocketService - New websocket client has connected, current number of clients:1, context: {instance_uuid: "ed50f20b-63c5-430c-ad76-3d5492abf446", request_id: "0d6962d0-184c-4534-a326-c0f2e1d370ee"} 
2025-11-05 16:39:03.110 [http-json-ledger-api-pekko.actor.default-dispatcher-16] INFO  com.daml.http.WebSocketService - Websocket client has disconnected. Current number of clients: 0, context: {instance_uuid: "ed50f20b-63c5-430c-ad76-3d5492abf446", request_id: "0d6962d0-184c-4534-a326-c0f2e1d370ee"} 
2025-11-05 16:39:03.115 [http-json-ledger-api-pekko.actor.default-dispatcher-22] INFO  com.daml.http.WebsocketEndpoints - GOT daml.ws.auth, context: {instance_uuid: "ed50f20b-63c5-430c-ad76-3d5492abf446", request_id: "a89223a7-9ced-4f48-a54f-228ba83da181"} 
2025-11-05 16:39:03.176 [http-json-ledger-api-pekko.actor.default-dispatcher-22] INFO  com.daml.http.WebSocketService - New websocket client has connected, current number of clients:1, context: {instance_uuid: "ed50f20b-63c5-430c-ad76-3d5492abf446", request_id: "a89223a7-9ced-4f48-a54f-228ba83da181"} 
2025-11-05 16:39:03.199 [http-json-ledger-api-pekko.actor.default-dispatcher-21] INFO  com.daml.http.WebsocketEndpoints - GOT daml.ws.auth, context: {instance_uuid: "ed50f20b-63c5-430c-ad76-3d5492abf446", request_id: "18ee4fc9-94c9-4db7-9924-946a8c7e4c60"} 
2025-11-05 16:39:03.204 [http-json-ledger-api-pekko.actor.default-dispatcher-21] INFO  com.daml.http.WebSocketService - New websocket client has connected, current number of clients:2, context: {instance_uuid: "ed50f20b-63c5-430c-ad76-3d5492abf446", request_id: "18ee4fc9-94c9-4db7-9924-946a8c7e4c60"} 
2025-11-05 16:39:03.273 [http-json-ledger-api-pekko.actor.default-dispatcher-16] INFO  com.daml.http.WebsocketEndpoints - GOT daml.ws.auth, context: {instance_uuid: "ed50f20b-63c5-430c-ad76-3d5492abf446", request_id: "f0366c98-197d-4d84-8cda-007eecc8ecb7"} 
2025-11-05 16:39:03.283 [http-json-ledger-api-pekko.actor.default-dispatcher-16] INFO  com.daml.http.WebSocketService - New websocket client has connected, current number of clients:3, context: {instance_uuid: "ed50f20b-63c5-430c-ad76-3d5492abf446", request_id: "f0366c98-197d-4d84-8cda-007eecc8ecb7"} 
2025-11-05 16:39:03.304 [http-json-ledger-api-pekko.actor.default-dispatcher-20] INFO  com.daml.http.WebsocketEndpoints - GOT daml.ws.auth, context: {instance_uuid: "ed50f20b-63c5-430c-ad76-3d5492abf446", request_id: "bf20047c-1b8e-40cd-8441-2604f87cc663"} 
2025-11-05 16:39:03.308 [http-json-ledger-api-pekko.actor.default-dispatcher-20] INFO  com.daml.http.WebSocketService - New websocket client has connected, current number of clients:4, context: {instance_uuid: "ed50f20b-63c5-430c-ad76-3d5492abf446", request_id: "bf20047c-1b8e-40cd-8441-2604f87cc663"} 
2025-11-05 16:39:03.330 [http-json-ledger-api-pekko.actor.default-dispatcher-20] INFO  com.daml.http.WebsocketEndpoints - GOT daml.ws.auth, context: {instance_uuid: "ed50f20b-63c5-430c-ad76-3d5492abf446", request_id: "0848316f-b471-46d0-a96e-873f12de0895"} 
2025-11-05 16:39:03.340 [http-json-ledger-api-pekko.actor.default-dispatcher-20] INFO  com.daml.http.WebSocketService - New websocket client has connected, current number of clients:5, context: {instance_uuid: "ed50f20b-63c5-430c-ad76-3d5492abf446", request_id: "0848316f-b471-46d0-a96e-873f12de0895"} 
2025-11-05 16:46:01.659 [http-json-ledger-api-pekko.actor.default-dispatcher-23] INFO  com.daml.http.WebSocketService - Websocket client has disconnected. Current number of clients: 1, context: {instance_uuid: "ed50f20b-63c5-430c-ad76-3d5492abf446", request_id: "bf20047c-1b8e-40cd-8441-2604f87cc663"} 
2025-11-05 16:46:01.658 [http-json-ledger-api-pekko.actor.default-dispatcher-10] INFO  com.daml.http.WebSocketService - Websocket client has disconnected. Current number of clients: 4, context: {instance_uuid: "ed50f20b-63c5-430c-ad76-3d5492abf446", request_id: "18ee4fc9-94c9-4db7-9924-946a8c7e4c60"} 
2025-11-05 16:46:01.660 [http-json-ledger-api-pekko.actor.default-dispatcher-21] INFO  com.daml.http.WebSocketService - Websocket client has disconnected. Current number of clients: 0, context: {instance_uuid: "ed50f20b-63c5-430c-ad76-3d5492abf446", request_id: "0848316f-b471-46d0-a96e-873f12de0895"} 
2025-11-05 16:46:01.659 [http-json-ledger-api-pekko.actor.default-dispatcher-12] INFO  com.daml.http.WebSocketService - Websocket client has disconnected. Current number of clients: 2, context: {instance_uuid: "ed50f20b-63c5-430c-ad76-3d5492abf446", request_id: "f0366c98-197d-4d84-8cda-007eecc8ecb7"} 
2025-11-05 16:46:01.659 [http-json-ledger-api-pekko.actor.default-dispatcher-11] INFO  com.daml.http.WebSocketService - Websocket client has disconnected. Current number of clients: 3, context: {instance_uuid: "ed50f20b-63c5-430c-ad76-3d5492abf446", request_id: "a89223a7-9ced-4f48-a54f-228ba83da181"} 
2025-11-05 16:46:06.452 [http-json-ledger-api-pekko.actor.default-dispatcher-21] INFO  com.daml.http.WebsocketEndpoints - GOT daml.ws.auth, context: {instance_uuid: "ed50f20b-63c5-430c-ad76-3d5492abf446", request_id: "15f9b8a3-4111-45e7-840b-a3c040aedd92"} 
2025-11-05 16:46:06.457 [http-json-ledger-api-pekko.actor.default-dispatcher-21] INFO  com.daml.http.WebSocketService - New websocket client has connected, current number of clients:1, context: {instance_uuid: "ed50f20b-63c5-430c-ad76-3d5492abf446", request_id: "15f9b8a3-4111-45e7-840b-a3c040aedd92"} 
2025-11-05 16:46:06.462 [http-json-ledger-api-pekko.actor.default-dispatcher-10] INFO  com.daml.http.WebSocketService - Websocket client has disconnected. Current number of clients: 0, context: {instance_uuid: "ed50f20b-63c5-430c-ad76-3d5492abf446", request_id: "15f9b8a3-4111-45e7-840b-a3c040aedd92"} 
2025-11-05 16:46:06.473 [http-json-ledger-api-pekko.actor.default-dispatcher-16] INFO  com.daml.http.WebsocketEndpoints - GOT daml.ws.auth, context: {instance_uuid: "ed50f20b-63c5-430c-ad76-3d5492abf446", request_id: "2b4d255c-c5b4-48d9-9015-35656e789465"} 
2025-11-05 16:46:06.476 [http-json-ledger-api-pekko.actor.default-dispatcher-16] INFO  com.daml.http.WebSocketService - New websocket client has connected, current number of clients:1, context: {instance_uuid: "ed50f20b-63c5-430c-ad76-3d5492abf446", request_id: "2b4d255c-c5b4-48d9-9015-35656e789465"} 
2025-11-05 16:46:09.932 [http-json-ledger-api-pekko.actor.default-dispatcher-16] INFO  com.daml.http.WebSocketService - Websocket client has disconnected. Current number of clients: 0, context: {instance_uuid: "ed50f20b-63c5-430c-ad76-3d5492abf446", request_id: "2b4d255c-c5b4-48d9-9015-35656e789465"} 
2025-11-05 16:46:09.951 [http-json-ledger-api-pekko.actor.default-dispatcher-23] INFO  com.daml.http.WebsocketEndpoints - GOT daml.ws.auth, context: {instance_uuid: "ed50f20b-63c5-430c-ad76-3d5492abf446", request_id: "c584a1d2-6aa7-4198-92b7-762c07ad0d11"} 
2025-11-05 16:46:09.956 [http-json-ledger-api-pekko.actor.default-dispatcher-23] INFO  com.daml.http.WebSocketService - New websocket client has connected, current number of clients:1, context: {instance_uuid: "ed50f20b-63c5-430c-ad76-3d5492abf446", request_id: "c584a1d2-6aa7-4198-92b7-762c07ad0d11"} 
2025-11-05 16:46:09.964 [http-json-ledger-api-pekko.actor.default-dispatcher-16] INFO  com.daml.http.WebSocketService - Websocket client has disconnected. Current number of clients: 0, context: {instance_uuid: "ed50f20b-63c5-430c-ad76-3d5492abf446", request_id: "c584a1d2-6aa7-4198-92b7-762c07ad0d11"} 
2025-11-05 16:46:09.980 [http-json-ledger-api-pekko.actor.default-dispatcher-11] INFO  com.daml.http.WebsocketEndpoints - GOT daml.ws.auth, context: {instance_uuid: "ed50f20b-63c5-430c-ad76-3d5492abf446", request_id: "e9b89310-3cc9-4609-a121-afca7eef48c0"} 
2025-11-05 16:46:09.985 [http-json-ledger-api-pekko.actor.default-dispatcher-11] INFO  com.daml.http.WebSocketService - New websocket client has connected, current number of clients:1, context: {instance_uuid: "ed50f20b-63c5-430c-ad76-3d5492abf446", request_id: "e9b89310-3cc9-4609-a121-afca7eef48c0"} 
2025-11-05 16:46:10.072 [http-json-ledger-api-pekko.actor.default-dispatcher-10] INFO  com.daml.http.WebsocketEndpoints - GOT daml.ws.auth, context: {instance_uuid: "ed50f20b-63c5-430c-ad76-3d5492abf446", request_id: "679564d5-e8b3-41b3-8c2a-cf1be30b896d"} 
2025-11-05 16:46:10.077 [http-json-ledger-api-pekko.actor.default-dispatcher-10] INFO  com.daml.http.WebSocketService - New websocket client has connected, current number of clients:2, context: {instance_uuid: "ed50f20b-63c5-430c-ad76-3d5492abf446", request_id: "679564d5-e8b3-41b3-8c2a-cf1be30b896d"} 
2025-11-05 16:46:10.099 [http-json-ledger-api-pekko.actor.default-dispatcher-23] INFO  com.daml.http.WebsocketEndpoints - GOT daml.ws.auth, context: {instance_uuid: "ed50f20b-63c5-430c-ad76-3d5492abf446", request_id: "c6b87d5c-0c3d-4676-9231-c9df02ba7ae9"} 
2025-11-05 16:46:10.102 [http-json-ledger-api-pekko.actor.default-dispatcher-23] INFO  com.daml.http.WebSocketService - New websocket client has connected, current number of clients:3, context: {instance_uuid: "ed50f20b-63c5-430c-ad76-3d5492abf446", request_id: "c6b87d5c-0c3d-4676-9231-c9df02ba7ae9"} 
2025-11-05 16:46:10.124 [http-json-ledger-api-pekko.actor.default-dispatcher-23] INFO  com.daml.http.WebsocketEndpoints - GOT daml.ws.auth, context: {instance_uuid: "ed50f20b-63c5-430c-ad76-3d5492abf446", request_id: "0ad110e1-c4c8-4cb1-9565-ef89648fb2bd"} 
2025-11-05 16:46:10.132 [http-json-ledger-api-pekko.actor.default-dispatcher-10] INFO  com.daml.http.WebSocketService - New websocket client has connected, current number of clients:4, context: {instance_uuid: "ed50f20b-63c5-430c-ad76-3d5492abf446", request_id: "0ad110e1-c4c8-4cb1-9565-ef89648fb2bd"} 
2025-11-05 16:46:10.164 [http-json-ledger-api-pekko.actor.default-dispatcher-7] INFO  com.daml.http.WebsocketEndpoints - GOT daml.ws.auth, context: {instance_uuid: "ed50f20b-63c5-430c-ad76-3d5492abf446", request_id: "41fac872-07cc-43cb-97b8-05ac75425949"} 
2025-11-05 16:46:10.170 [http-json-ledger-api-pekko.actor.default-dispatcher-7] INFO  com.daml.http.WebSocketService - New websocket client has connected, current number of clients:5, context: {instance_uuid: "ed50f20b-63c5-430c-ad76-3d5492abf446", request_id: "41fac872-07cc-43cb-97b8-05ac75425949"} 
2025-11-05 16:46:58.027 [http-json-ledger-api-pekko.actor.default-dispatcher-10] INFO  com.daml.http.WebSocketService - Websocket client has disconnected. Current number of clients: 4, context: {instance_uuid: "ed50f20b-63c5-430c-ad76-3d5492abf446", request_id: "679564d5-e8b3-41b3-8c2a-cf1be30b896d"} 
2025-11-05 16:46:58.119 [http-json-ledger-api-pekko.actor.default-dispatcher-22] INFO  com.daml.http.WebSocketService - Websocket client has disconnected. Current number of clients: 2, context: {instance_uuid: "ed50f20b-63c5-430c-ad76-3d5492abf446", request_id: "0ad110e1-c4c8-4cb1-9565-ef89648fb2bd"} 
2025-11-05 16:46:58.119 [http-json-ledger-api-pekko.actor.default-dispatcher-25] INFO  com.daml.http.WebSocketService - Websocket client has disconnected. Current number of clients: 3, context: {instance_uuid: "ed50f20b-63c5-430c-ad76-3d5492abf446", request_id: "c6b87d5c-0c3d-4676-9231-c9df02ba7ae9"} 
2025-11-05 16:46:58.120 [http-json-ledger-api-pekko.actor.default-dispatcher-7] INFO  com.daml.http.WebSocketService - Websocket client has disconnected. Current number of clients: 1, context: {instance_uuid: "ed50f20b-63c5-430c-ad76-3d5492abf446", request_id: "e9b89310-3cc9-4609-a121-afca7eef48c0"} 
2025-11-05 16:46:58.122 [http-json-ledger-api-pekko.actor.default-dispatcher-12] INFO  com.daml.http.WebSocketService - Websocket client has disconnected. Current number of clients: 0, context: {instance_uuid: "ed50f20b-63c5-430c-ad76-3d5492abf446", request_id: "41fac872-07cc-43cb-97b8-05ac75425949"} 
2025-11-05 16:47:04.836 [http-json-ledger-api-pekko.actor.default-dispatcher-12] INFO  com.daml.http.WebsocketEndpoints - GOT daml.ws.auth, context: {instance_uuid: "ed50f20b-63c5-430c-ad76-3d5492abf446", request_id: "b9155bda-c365-4d96-93e2-98c83b8a4575"} 
2025-11-05 16:47:04.841 [http-json-ledger-api-pekko.actor.default-dispatcher-10] INFO  com.daml.http.WebSocketService - New websocket client has connected, current number of clients:1, context: {instance_uuid: "ed50f20b-63c5-430c-ad76-3d5492abf446", request_id: "b9155bda-c365-4d96-93e2-98c83b8a4575"} 
2025-11-05 16:47:04.847 [http-json-ledger-api-pekko.actor.default-dispatcher-19] INFO  com.daml.http.WebSocketService - Websocket client has disconnected. Current number of clients: 0, context: {instance_uuid: "ed50f20b-63c5-430c-ad76-3d5492abf446", request_id: "b9155bda-c365-4d96-93e2-98c83b8a4575"} 
2025-11-05 16:47:04.862 [http-json-ledger-api-pekko.actor.default-dispatcher-12] INFO  com.daml.http.WebsocketEndpoints - GOT daml.ws.auth, context: {instance_uuid: "ed50f20b-63c5-430c-ad76-3d5492abf446", request_id: "7345d26b-8e43-4759-9747-d181b2eaf1e2"} 
2025-11-05 16:47:04.866 [http-json-ledger-api-pekko.actor.default-dispatcher-12] INFO  com.daml.http.WebSocketService - New websocket client has connected, current number of clients:1, context: {instance_uuid: "ed50f20b-63c5-430c-ad76-3d5492abf446", request_id: "7345d26b-8e43-4759-9747-d181b2eaf1e2"} 
2025-11-05 16:47:08.819 [http-json-ledger-api-pekko.actor.default-dispatcher-19] INFO  com.daml.http.WebSocketService - Websocket client has disconnected. Current number of clients: 0, context: {instance_uuid: "ed50f20b-63c5-430c-ad76-3d5492abf446", request_id: "7345d26b-8e43-4759-9747-d181b2eaf1e2"} 
2025-11-05 16:47:08.972 [http-json-ledger-api-pekko.actor.default-dispatcher-11] INFO  com.daml.http.WebsocketEndpoints - GOT daml.ws.auth, context: {instance_uuid: "ed50f20b-63c5-430c-ad76-3d5492abf446", request_id: "1d94b184-1f44-498a-996e-a73fb4ff7ade"} 
2025-11-05 16:47:08.972 [http-json-ledger-api-pekko.actor.default-dispatcher-7] INFO  com.daml.http.WebsocketEndpoints - GOT daml.ws.auth, context: {instance_uuid: "ed50f20b-63c5-430c-ad76-3d5492abf446", request_id: "45d12767-c1fe-4635-9640-b0f2e6dac996"} 
2025-11-05 16:47:08.974 [http-json-ledger-api-pekko.actor.default-dispatcher-7] INFO  com.daml.http.WebSocketService - New websocket client has connected, current number of clients:2, context: {instance_uuid: "ed50f20b-63c5-430c-ad76-3d5492abf446", request_id: "45d12767-c1fe-4635-9640-b0f2e6dac996"} 
2025-11-05 16:47:08.974 [http-json-ledger-api-pekko.actor.default-dispatcher-11] INFO  com.daml.http.WebSocketService - New websocket client has connected, current number of clients:1, context: {instance_uuid: "ed50f20b-63c5-430c-ad76-3d5492abf446", request_id: "1d94b184-1f44-498a-996e-a73fb4ff7ade"} 
2025-11-05 16:47:08.976 [http-json-ledger-api-pekko.actor.default-dispatcher-7] INFO  com.daml.http.WebSocketService - Websocket client has disconnected. Current number of clients: 1, context: {instance_uuid: "ed50f20b-63c5-430c-ad76-3d5492abf446", request_id: "1d94b184-1f44-498a-996e-a73fb4ff7ade"} 
2025-11-05 16:47:08.994 [http-json-ledger-api-pekko.actor.default-dispatcher-10] INFO  com.daml.http.WebsocketEndpoints - GOT daml.ws.auth, context: {instance_uuid: "ed50f20b-63c5-430c-ad76-3d5492abf446", request_id: "bc789e92-6c9c-442f-8607-8086e35c1127"} 
2025-11-05 16:47:09.000 [http-json-ledger-api-pekko.actor.default-dispatcher-10] INFO  com.daml.http.WebSocketService - New websocket client has connected, current number of clients:2, context: {instance_uuid: "ed50f20b-63c5-430c-ad76-3d5492abf446", request_id: "bc789e92-6c9c-442f-8607-8086e35c1127"} 
2025-11-05 16:47:09.018 [http-json-ledger-api-pekko.actor.default-dispatcher-7] INFO  com.daml.http.WebsocketEndpoints - GOT daml.ws.auth, context: {instance_uuid: "ed50f20b-63c5-430c-ad76-3d5492abf446", request_id: "a184736a-2977-4253-8b16-6ff74f8edb55"} 
2025-11-05 16:47:09.025 [http-json-ledger-api-pekko.actor.default-dispatcher-10] INFO  com.daml.http.WebSocketService - New websocket client has connected, current number of clients:3, context: {instance_uuid: "ed50f20b-63c5-430c-ad76-3d5492abf446", request_id: "a184736a-2977-4253-8b16-6ff74f8edb55"} 
2025-11-05 16:47:09.048 [http-json-ledger-api-pekko.actor.default-dispatcher-10] INFO  com.daml.http.WebsocketEndpoints - GOT daml.ws.auth, context: {instance_uuid: "ed50f20b-63c5-430c-ad76-3d5492abf446", request_id: "99434dcf-8e1f-42e4-a8d1-3c963630112d"} 
2025-11-05 16:47:09.052 [http-json-ledger-api-pekko.actor.default-dispatcher-10] INFO  com.daml.http.WebSocketService - New websocket client has connected, current number of clients:4, context: {instance_uuid: "ed50f20b-63c5-430c-ad76-3d5492abf446", request_id: "99434dcf-8e1f-42e4-a8d1-3c963630112d"} 
2025-11-05 16:47:09.070 [http-json-ledger-api-pekko.actor.default-dispatcher-11] INFO  com.daml.http.WebsocketEndpoints - GOT daml.ws.auth, context: {instance_uuid: "ed50f20b-63c5-430c-ad76-3d5492abf446", request_id: "3d0f3c92-99ef-4e7f-a70f-34b2dc4b3108"} 
2025-11-05 16:47:09.074 [http-json-ledger-api-pekko.actor.default-dispatcher-11] INFO  com.daml.http.WebSocketService - New websocket client has connected, current number of clients:5, context: {instance_uuid: "ed50f20b-63c5-430c-ad76-3d5492abf446", request_id: "3d0f3c92-99ef-4e7f-a70f-34b2dc4b3108"} 
2025-11-05 16:47:28.695 [http-json-ledger-api-pekko.actor.default-dispatcher-10] INFO  com.daml.http.WebSocketService - Websocket client has disconnected. Current number of clients: 2, context: {instance_uuid: "ed50f20b-63c5-430c-ad76-3d5492abf446", request_id: "99434dcf-8e1f-42e4-a8d1-3c963630112d"} 
2025-11-05 16:47:28.695 [http-json-ledger-api-pekko.actor.default-dispatcher-16] INFO  com.daml.http.WebSocketService - Websocket client has disconnected. Current number of clients: 3, context: {instance_uuid: "ed50f20b-63c5-430c-ad76-3d5492abf446", request_id: "a184736a-2977-4253-8b16-6ff74f8edb55"} 
2025-11-05 16:47:28.696 [http-json-ledger-api-pekko.actor.default-dispatcher-25] INFO  com.daml.http.WebSocketService - Websocket client has disconnected. Current number of clients: 1, context: {instance_uuid: "ed50f20b-63c5-430c-ad76-3d5492abf446", request_id: "3d0f3c92-99ef-4e7f-a70f-34b2dc4b3108"} 
2025-11-05 16:47:28.695 [http-json-ledger-api-pekko.actor.default-dispatcher-22] INFO  com.daml.http.WebSocketService - Websocket client has disconnected. Current number of clients: 4, context: {instance_uuid: "ed50f20b-63c5-430c-ad76-3d5492abf446", request_id: "45d12767-c1fe-4635-9640-b0f2e6dac996"} 
2025-11-05 16:47:28.696 [http-json-ledger-api-pekko.actor.default-dispatcher-20] INFO  com.daml.http.WebSocketService - Websocket client has disconnected. Current number of clients: 0, context: {instance_uuid: "ed50f20b-63c5-430c-ad76-3d5492abf446", request_id: "bc789e92-6c9c-442f-8607-8086e35c1127"} 
2025-11-05 16:47:28.710 [http-json-ledger-api-pekko.actor.default-dispatcher-19] INFO  com.daml.http.WebsocketEndpoints - GOT daml.ws.auth, context: {instance_uuid: "ed50f20b-63c5-430c-ad76-3d5492abf446", request_id: "bb443fdf-0784-45c1-b248-c7af6b35cb16"} 
2025-11-05 16:47:28.715 [http-json-ledger-api-pekko.actor.default-dispatcher-19] INFO  com.daml.http.WebSocketService - New websocket client has connected, current number of clients:1, context: {instance_uuid: "ed50f20b-63c5-430c-ad76-3d5492abf446", request_id: "bb443fdf-0784-45c1-b248-c7af6b35cb16"} 
2025-11-05 16:47:28.716 [http-json-ledger-api-pekko.actor.default-dispatcher-10] INFO  com.daml.http.WebSocketService - Websocket client has disconnected. Current number of clients: 0, context: {instance_uuid: "ed50f20b-63c5-430c-ad76-3d5492abf446", request_id: "bb443fdf-0784-45c1-b248-c7af6b35cb16"} 
2025-11-05 16:47:28.725 [http-json-ledger-api-pekko.actor.default-dispatcher-10] INFO  com.daml.http.WebsocketEndpoints - GOT daml.ws.auth, context: {instance_uuid: "ed50f20b-63c5-430c-ad76-3d5492abf446", request_id: "0d4112af-79ed-49d1-ae93-40dd6469a9ef"} 
2025-11-05 16:47:28.728 [http-json-ledger-api-pekko.actor.default-dispatcher-10] INFO  com.daml.http.WebSocketService - New websocket client has connected, current number of clients:1, context: {instance_uuid: "ed50f20b-63c5-430c-ad76-3d5492abf446", request_id: "0d4112af-79ed-49d1-ae93-40dd6469a9ef"} 
2025-11-05 16:47:29.578 [http-json-ledger-api-pekko.actor.default-dispatcher-16] INFO  com.daml.http.WebSocketService - Websocket client has disconnected. Current number of clients: 0, context: {instance_uuid: "ed50f20b-63c5-430c-ad76-3d5492abf446", request_id: "0d4112af-79ed-49d1-ae93-40dd6469a9ef"} 
2025-11-05 16:47:29.599 [http-json-ledger-api-pekko.actor.default-dispatcher-10] INFO  com.daml.http.WebsocketEndpoints - GOT daml.ws.auth, context: {instance_uuid: "ed50f20b-63c5-430c-ad76-3d5492abf446", request_id: "34b29a83-947c-463a-80b5-7158276eb6d6"} 
2025-11-05 16:47:29.605 [http-json-ledger-api-pekko.actor.default-dispatcher-10] INFO  com.daml.http.WebSocketService - New websocket client has connected, current number of clients:1, context: {instance_uuid: "ed50f20b-63c5-430c-ad76-3d5492abf446", request_id: "34b29a83-947c-463a-80b5-7158276eb6d6"} 
2025-11-05 16:47:29.607 [http-json-ledger-api-pekko.actor.default-dispatcher-25] INFO  com.daml.http.WebSocketService - Websocket client has disconnected. Current number of clients: 0, context: {instance_uuid: "ed50f20b-63c5-430c-ad76-3d5492abf446", request_id: "34b29a83-947c-463a-80b5-7158276eb6d6"} 
2025-11-05 16:47:29.617 [http-json-ledger-api-pekko.actor.default-dispatcher-25] INFO  com.daml.http.WebsocketEndpoints - GOT daml.ws.auth, context: {instance_uuid: "ed50f20b-63c5-430c-ad76-3d5492abf446", request_id: "c27b10b2-80b0-4b3d-88cc-77654dcb7e93"} 
2025-11-05 16:47:29.621 [http-json-ledger-api-pekko.actor.default-dispatcher-25] INFO  com.daml.http.WebSocketService - New websocket client has connected, current number of clients:1, context: {instance_uuid: "ed50f20b-63c5-430c-ad76-3d5492abf446", request_id: "c27b10b2-80b0-4b3d-88cc-77654dcb7e93"} 
2025-11-05 16:47:29.644 [http-json-ledger-api-pekko.actor.default-dispatcher-10] INFO  com.daml.http.WebsocketEndpoints - GOT daml.ws.auth, context: {instance_uuid: "ed50f20b-63c5-430c-ad76-3d5492abf446", request_id: "bc428090-912c-4e8f-acbb-f83b3c792db7"} 
2025-11-05 16:47:29.648 [http-json-ledger-api-pekko.actor.default-dispatcher-10] INFO  com.daml.http.WebSocketService - New websocket client has connected, current number of clients:2, context: {instance_uuid: "ed50f20b-63c5-430c-ad76-3d5492abf446", request_id: "bc428090-912c-4e8f-acbb-f83b3c792db7"} 
2025-11-05 16:47:29.668 [http-json-ledger-api-pekko.actor.default-dispatcher-20] INFO  com.daml.http.WebsocketEndpoints - GOT daml.ws.auth, context: {instance_uuid: "ed50f20b-63c5-430c-ad76-3d5492abf446", request_id: "6d291978-eed9-416c-bee3-c6e7b3869921"} 
2025-11-05 16:47:29.672 [http-json-ledger-api-pekko.actor.default-dispatcher-20] INFO  com.daml.http.WebSocketService - New websocket client has connected, current number of clients:3, context: {instance_uuid: "ed50f20b-63c5-430c-ad76-3d5492abf446", request_id: "6d291978-eed9-416c-bee3-c6e7b3869921"} 
2025-11-05 16:47:29.691 [http-json-ledger-api-pekko.actor.default-dispatcher-21] INFO  com.daml.http.WebsocketEndpoints - GOT daml.ws.auth, context: {instance_uuid: "ed50f20b-63c5-430c-ad76-3d5492abf446", request_id: "29bb5b8d-6962-4cb9-b5c4-27386393003a"} 
2025-11-05 16:47:29.695 [http-json-ledger-api-pekko.actor.default-dispatcher-21] INFO  com.daml.http.WebSocketService - New websocket client has connected, current number of clients:4, context: {instance_uuid: "ed50f20b-63c5-430c-ad76-3d5492abf446", request_id: "29bb5b8d-6962-4cb9-b5c4-27386393003a"} 
2025-11-05 16:47:29.713 [http-json-ledger-api-pekko.actor.default-dispatcher-16] INFO  com.daml.http.WebsocketEndpoints - GOT daml.ws.auth, context: {instance_uuid: "ed50f20b-63c5-430c-ad76-3d5492abf446", request_id: "4b004086-db50-4cf9-bc35-b787871bd7d6"} 
2025-11-05 16:47:29.716 [http-json-ledger-api-pekko.actor.default-dispatcher-16] INFO  com.daml.http.WebSocketService - New websocket client has connected, current number of clients:5, context: {instance_uuid: "ed50f20b-63c5-430c-ad76-3d5492abf446", request_id: "4b004086-db50-4cf9-bc35-b787871bd7d6"} 
2025-11-05 16:49:27.180 [http-json-ledger-api-pekko.actor.default-dispatcher-20] INFO  com.daml.http.WebSocketService - Websocket client has disconnected. Current number of clients: 4, context: {instance_uuid: "ed50f20b-63c5-430c-ad76-3d5492abf446", request_id: "6d291978-eed9-416c-bee3-c6e7b3869921"} 
2025-11-05 16:49:27.180 [http-json-ledger-api-pekko.actor.default-dispatcher-23] INFO  com.daml.http.WebSocketService - Websocket client has disconnected. Current number of clients: 3, context: {instance_uuid: "ed50f20b-63c5-430c-ad76-3d5492abf446", request_id: "bc428090-912c-4e8f-acbb-f83b3c792db7"} 
2025-11-05 16:49:27.181 [http-json-ledger-api-pekko.actor.default-dispatcher-16] INFO  com.daml.http.WebSocketService - Websocket client has disconnected. Current number of clients: 2, context: {instance_uuid: "ed50f20b-63c5-430c-ad76-3d5492abf446", request_id: "4b004086-db50-4cf9-bc35-b787871bd7d6"} 
2025-11-05 16:49:27.182 [http-json-ledger-api-pekko.actor.default-dispatcher-24] INFO  com.daml.http.WebSocketService - Websocket client has disconnected. Current number of clients: 1, context: {instance_uuid: "ed50f20b-63c5-430c-ad76-3d5492abf446", request_id: "c27b10b2-80b0-4b3d-88cc-77654dcb7e93"} 
2025-11-05 16:49:27.190 [http-json-ledger-api-pekko.actor.default-dispatcher-16] INFO  com.daml.http.WebSocketService - Websocket client has disconnected. Current number of clients: 0, context: {instance_uuid: "ed50f20b-63c5-430c-ad76-3d5492abf446", request_id: "29bb5b8d-6962-4cb9-b5c4-27386393003a"} 
2025-11-05 16:49:35.960 [http-json-ledger-api-pekko.actor.default-dispatcher-19] INFO  com.daml.http.WebsocketEndpoints - GOT daml.ws.auth, context: {instance_uuid: "ed50f20b-63c5-430c-ad76-3d5492abf446", request_id: "60a78026-c103-42b7-957e-cc92f26a08f8"} 
2025-11-05 16:49:35.966 [http-json-ledger-api-pekko.actor.default-dispatcher-19] INFO  com.daml.http.WebSocketService - New websocket client has connected, current number of clients:1, context: {instance_uuid: "ed50f20b-63c5-430c-ad76-3d5492abf446", request_id: "60a78026-c103-42b7-957e-cc92f26a08f8"} 
2025-11-05 16:49:35.969 [http-json-ledger-api-pekko.actor.default-dispatcher-11] INFO  com.daml.http.WebSocketService - Websocket client has disconnected. Current number of clients: 0, context: {instance_uuid: "ed50f20b-63c5-430c-ad76-3d5492abf446", request_id: "60a78026-c103-42b7-957e-cc92f26a08f8"} 
2025-11-05 16:49:35.981 [http-json-ledger-api-pekko.actor.default-dispatcher-11] INFO  com.daml.http.WebsocketEndpoints - GOT daml.ws.auth, context: {instance_uuid: "ed50f20b-63c5-430c-ad76-3d5492abf446", request_id: "44bfb5db-b39e-478d-b9c2-cddc5513f028"} 
2025-11-05 16:49:35.984 [http-json-ledger-api-pekko.actor.default-dispatcher-11] INFO  com.daml.http.WebSocketService - New websocket client has connected, current number of clients:1, context: {instance_uuid: "ed50f20b-63c5-430c-ad76-3d5492abf446", request_id: "44bfb5db-b39e-478d-b9c2-cddc5513f028"} 
2025-11-05 16:49:37.991 [http-json-ledger-api-pekko.actor.default-dispatcher-23] INFO  com.daml.http.WebSocketService - Websocket client has disconnected. Current number of clients: 0, context: {instance_uuid: "ed50f20b-63c5-430c-ad76-3d5492abf446", request_id: "44bfb5db-b39e-478d-b9c2-cddc5513f028"} 
2025-11-05 16:49:38.019 [http-json-ledger-api-pekko.actor.default-dispatcher-19] INFO  com.daml.http.WebsocketEndpoints - GOT daml.ws.auth, context: {instance_uuid: "ed50f20b-63c5-430c-ad76-3d5492abf446", request_id: "eb821e42-4a10-4ffd-8ca7-0b85d02b75a1"} 
2025-11-05 16:49:38.025 [http-json-ledger-api-pekko.actor.default-dispatcher-19] INFO  com.daml.http.WebSocketService - New websocket client has connected, current number of clients:1, context: {instance_uuid: "ed50f20b-63c5-430c-ad76-3d5492abf446", request_id: "eb821e42-4a10-4ffd-8ca7-0b85d02b75a1"} 
2025-11-05 16:49:38.027 [http-json-ledger-api-pekko.actor.default-dispatcher-24] INFO  com.daml.http.WebSocketService - Websocket client has disconnected. Current number of clients: 0, context: {instance_uuid: "ed50f20b-63c5-430c-ad76-3d5492abf446", request_id: "eb821e42-4a10-4ffd-8ca7-0b85d02b75a1"} 
2025-11-05 16:49:38.041 [http-json-ledger-api-pekko.actor.default-dispatcher-23] INFO  com.daml.http.WebsocketEndpoints - GOT daml.ws.auth, context: {instance_uuid: "ed50f20b-63c5-430c-ad76-3d5492abf446", request_id: "836023b0-0563-4fd5-8991-7a250e7f5da9"} 
2025-11-05 16:49:38.044 [http-json-ledger-api-pekko.actor.default-dispatcher-23] INFO  com.daml.http.WebSocketService - New websocket client has connected, current number of clients:1, context: {instance_uuid: "ed50f20b-63c5-430c-ad76-3d5492abf446", request_id: "836023b0-0563-4fd5-8991-7a250e7f5da9"} 
2025-11-05 16:49:38.065 [http-json-ledger-api-pekko.actor.default-dispatcher-23] INFO  com.daml.http.WebsocketEndpoints - GOT daml.ws.auth, context: {instance_uuid: "ed50f20b-63c5-430c-ad76-3d5492abf446", request_id: "665be382-70f8-4609-9bc6-dabc9997f69f"} 
2025-11-05 16:49:38.075 [http-json-ledger-api-pekko.actor.default-dispatcher-23] INFO  com.daml.http.WebSocketService - New websocket client has connected, current number of clients:2, context: {instance_uuid: "ed50f20b-63c5-430c-ad76-3d5492abf446", request_id: "665be382-70f8-4609-9bc6-dabc9997f69f"} 
2025-11-05 16:49:38.140 [http-json-ledger-api-pekko.actor.default-dispatcher-22] INFO  com.daml.http.WebsocketEndpoints - GOT daml.ws.auth, context: {instance_uuid: "ed50f20b-63c5-430c-ad76-3d5492abf446", request_id: "d6b7d4e7-323d-4156-b189-d0c6bc161dd2"} 
2025-11-05 16:49:38.144 [http-json-ledger-api-pekko.actor.default-dispatcher-22] INFO  com.daml.http.WebSocketService - New websocket client has connected, current number of clients:3, context: {instance_uuid: "ed50f20b-63c5-430c-ad76-3d5492abf446", request_id: "d6b7d4e7-323d-4156-b189-d0c6bc161dd2"} 
2025-11-05 16:49:38.165 [http-json-ledger-api-pekko.actor.default-dispatcher-19] INFO  com.daml.http.WebsocketEndpoints - GOT daml.ws.auth, context: {instance_uuid: "ed50f20b-63c5-430c-ad76-3d5492abf446", request_id: "25d94f65-2466-4c4f-8a4b-ff451c0a97e7"} 
2025-11-05 16:49:38.169 [http-json-ledger-api-pekko.actor.default-dispatcher-19] INFO  com.daml.http.WebSocketService - New websocket client has connected, current number of clients:4, context: {instance_uuid: "ed50f20b-63c5-430c-ad76-3d5492abf446", request_id: "25d94f65-2466-4c4f-8a4b-ff451c0a97e7"} 
2025-11-05 16:49:38.186 [http-json-ledger-api-pekko.actor.default-dispatcher-23] INFO  com.daml.http.WebsocketEndpoints - GOT daml.ws.auth, context: {instance_uuid: "ed50f20b-63c5-430c-ad76-3d5492abf446", request_id: "60d0bf56-b85d-472b-9802-54d4e13e32a9"} 
2025-11-05 16:49:38.190 [http-json-ledger-api-pekko.actor.default-dispatcher-23] INFO  com.daml.http.WebSocketService - New websocket client has connected, current number of clients:5, context: {instance_uuid: "ed50f20b-63c5-430c-ad76-3d5492abf446", request_id: "60d0bf56-b85d-472b-9802-54d4e13e32a9"} 
2025-11-05 16:52:06.610 [http-json-ledger-api-pekko.actor.default-dispatcher-16] INFO  com.daml.http.WebSocketService - Websocket client has disconnected. Current number of clients: 3, context: {instance_uuid: "ed50f20b-63c5-430c-ad76-3d5492abf446", request_id: "60d0bf56-b85d-472b-9802-54d4e13e32a9"} 
2025-11-05 16:52:06.661 [http-json-ledger-api-pekko.actor.default-dispatcher-19] INFO  com.daml.http.WebSocketService - Websocket client has disconnected. Current number of clients: 1, context: {instance_uuid: "ed50f20b-63c5-430c-ad76-3d5492abf446", request_id: "d6b7d4e7-323d-4156-b189-d0c6bc161dd2"} 
2025-11-05 16:52:06.611 [http-json-ledger-api-pekko.actor.default-dispatcher-12] INFO  com.daml.http.WebSocketService - Websocket client has disconnected. Current number of clients: 2, context: {instance_uuid: "ed50f20b-63c5-430c-ad76-3d5492abf446", request_id: "25d94f65-2466-4c4f-8a4b-ff451c0a97e7"} 
2025-11-05 16:52:06.672 [http-json-ledger-api-pekko.actor.default-dispatcher-22] INFO  com.daml.http.WebSocketService - Websocket client has disconnected. Current number of clients: 0, context: {instance_uuid: "ed50f20b-63c5-430c-ad76-3d5492abf446", request_id: "836023b0-0563-4fd5-8991-7a250e7f5da9"} 
2025-11-05 16:52:06.603 [http-json-ledger-api-pekko.actor.default-dispatcher-7] INFO  com.daml.http.WebSocketService - Websocket client has disconnected. Current number of clients: 4, context: {instance_uuid: "ed50f20b-63c5-430c-ad76-3d5492abf446", request_id: "665be382-70f8-4609-9bc6-dabc9997f69f"} 
2025-11-05 16:52:10.377 [http-json-ledger-api-pekko.actor.default-dispatcher-21] INFO  com.daml.http.WebsocketEndpoints - GOT daml.ws.auth, context: {instance_uuid: "ed50f20b-63c5-430c-ad76-3d5492abf446", request_id: "c3ef51f5-5a8b-4e44-8396-5611beaf1e47"} 
2025-11-05 16:52:10.380 [http-json-ledger-api-pekko.actor.default-dispatcher-21] INFO  com.daml.http.WebSocketService - New websocket client has connected, current number of clients:1, context: {instance_uuid: "ed50f20b-63c5-430c-ad76-3d5492abf446", request_id: "c3ef51f5-5a8b-4e44-8396-5611beaf1e47"} 
2025-11-05 16:52:10.390 [http-json-ledger-api-pekko.actor.default-dispatcher-10] INFO  com.daml.http.WebSocketService - Websocket client has disconnected. Current number of clients: 0, context: {instance_uuid: "ed50f20b-63c5-430c-ad76-3d5492abf446", request_id: "c3ef51f5-5a8b-4e44-8396-5611beaf1e47"} 
2025-11-05 16:52:10.402 [http-json-ledger-api-pekko.actor.default-dispatcher-10] INFO  com.daml.http.WebsocketEndpoints - GOT daml.ws.auth, context: {instance_uuid: "ed50f20b-63c5-430c-ad76-3d5492abf446", request_id: "d5a2865d-53ce-44da-80d8-e33c36008269"} 
2025-11-05 16:52:10.404 [http-json-ledger-api-pekko.actor.default-dispatcher-10] INFO  com.daml.http.WebSocketService - New websocket client has connected, current number of clients:1, context: {instance_uuid: "ed50f20b-63c5-430c-ad76-3d5492abf446", request_id: "d5a2865d-53ce-44da-80d8-e33c36008269"} 
2025-11-05 16:52:11.988 [http-json-ledger-api-pekko.actor.default-dispatcher-12] INFO  com.daml.http.WebSocketService - Websocket client has disconnected. Current number of clients: 0, context: {instance_uuid: "ed50f20b-63c5-430c-ad76-3d5492abf446", request_id: "d5a2865d-53ce-44da-80d8-e33c36008269"} 
2025-11-05 16:52:12.005 [http-json-ledger-api-pekko.actor.default-dispatcher-12] INFO  com.daml.http.WebsocketEndpoints - GOT daml.ws.auth, context: {instance_uuid: "ed50f20b-63c5-430c-ad76-3d5492abf446", request_id: "df874eaf-20a7-4ce0-b3e3-b879838526a1"} 
2025-11-05 16:52:12.017 [http-json-ledger-api-pekko.actor.default-dispatcher-21] INFO  com.daml.http.WebSocketService - New websocket client has connected, current number of clients:1, context: {instance_uuid: "ed50f20b-63c5-430c-ad76-3d5492abf446", request_id: "df874eaf-20a7-4ce0-b3e3-b879838526a1"} 
2025-11-05 16:52:12.024 [http-json-ledger-api-pekko.actor.default-dispatcher-10] INFO  com.daml.http.WebSocketService - Websocket client has disconnected. Current number of clients: 0, context: {instance_uuid: "ed50f20b-63c5-430c-ad76-3d5492abf446", request_id: "df874eaf-20a7-4ce0-b3e3-b879838526a1"} 
2025-11-05 16:52:12.033 [http-json-ledger-api-pekko.actor.default-dispatcher-12] INFO  com.daml.http.WebsocketEndpoints - GOT daml.ws.auth, context: {instance_uuid: "ed50f20b-63c5-430c-ad76-3d5492abf446", request_id: "b26762e8-e125-4ab3-b0ac-90b2918ff6d2"} 
2025-11-05 16:52:12.044 [http-json-ledger-api-pekko.actor.default-dispatcher-12] INFO  com.daml.http.WebSocketService - New websocket client has connected, current number of clients:1, context: {instance_uuid: "ed50f20b-63c5-430c-ad76-3d5492abf446", request_id: "b26762e8-e125-4ab3-b0ac-90b2918ff6d2"} 
2025-11-05 16:52:12.123 [http-json-ledger-api-pekko.actor.default-dispatcher-7] INFO  com.daml.http.WebsocketEndpoints - GOT daml.ws.auth, context: {instance_uuid: "ed50f20b-63c5-430c-ad76-3d5492abf446", request_id: "794f9a52-e241-4abd-bcfa-9a8cb7a41105"} 
2025-11-05 16:52:12.128 [http-json-ledger-api-pekko.actor.default-dispatcher-7] INFO  com.daml.http.WebSocketService - New websocket client has connected, current number of clients:2, context: {instance_uuid: "ed50f20b-63c5-430c-ad76-3d5492abf446", request_id: "794f9a52-e241-4abd-bcfa-9a8cb7a41105"} 
2025-11-05 16:52:12.147 [http-json-ledger-api-pekko.actor.default-dispatcher-12] INFO  com.daml.http.WebsocketEndpoints - GOT daml.ws.auth, context: {instance_uuid: "ed50f20b-63c5-430c-ad76-3d5492abf446", request_id: "e798e7e0-f78b-48cc-be15-1fca4bffd6d8"} 
2025-11-05 16:52:12.151 [http-json-ledger-api-pekko.actor.default-dispatcher-12] INFO  com.daml.http.WebSocketService - New websocket client has connected, current number of clients:3, context: {instance_uuid: "ed50f20b-63c5-430c-ad76-3d5492abf446", request_id: "e798e7e0-f78b-48cc-be15-1fca4bffd6d8"} 
2025-11-05 16:52:12.171 [http-json-ledger-api-pekko.actor.default-dispatcher-12] INFO  com.daml.http.WebsocketEndpoints - GOT daml.ws.auth, context: {instance_uuid: "ed50f20b-63c5-430c-ad76-3d5492abf446", request_id: "e845ee4b-f856-45f0-a2d3-42f7fe3f78cf"} 
2025-11-05 16:52:12.174 [http-json-ledger-api-pekko.actor.default-dispatcher-12] INFO  com.daml.http.WebSocketService - New websocket client has connected, current number of clients:4, context: {instance_uuid: "ed50f20b-63c5-430c-ad76-3d5492abf446", request_id: "e845ee4b-f856-45f0-a2d3-42f7fe3f78cf"} 
2025-11-05 16:52:12.198 [http-json-ledger-api-pekko.actor.default-dispatcher-7] INFO  com.daml.http.WebsocketEndpoints - GOT daml.ws.auth, context: {instance_uuid: "ed50f20b-63c5-430c-ad76-3d5492abf446", request_id: "d0c99e44-3b01-432c-a61d-a202a2445c20"} 
2025-11-05 16:52:12.206 [http-json-ledger-api-pekko.actor.default-dispatcher-7] INFO  com.daml.http.WebSocketService - New websocket client has connected, current number of clients:5, context: {instance_uuid: "ed50f20b-63c5-430c-ad76-3d5492abf446", request_id: "d0c99e44-3b01-432c-a61d-a202a2445c20"} 
2025-11-05 16:56:49.533 [http-json-ledger-api-pekko.actor.default-dispatcher-22] INFO  com.daml.http.WebSocketService - Websocket client has disconnected. Current number of clients: 4, context: {instance_uuid: "ed50f20b-63c5-430c-ad76-3d5492abf446", request_id: "d0c99e44-3b01-432c-a61d-a202a2445c20"} 
2025-11-05 16:56:49.533 [http-json-ledger-api-pekko.actor.default-dispatcher-11] INFO  com.daml.http.WebSocketService - Websocket client has disconnected. Current number of clients: 3, context: {instance_uuid: "ed50f20b-63c5-430c-ad76-3d5492abf446", request_id: "b26762e8-e125-4ab3-b0ac-90b2918ff6d2"} 
2025-11-05 16:56:49.534 [http-json-ledger-api-pekko.actor.default-dispatcher-23] INFO  com.daml.http.WebSocketService - Websocket client has disconnected. Current number of clients: 2, context: {instance_uuid: "ed50f20b-63c5-430c-ad76-3d5492abf446", request_id: "e845ee4b-f856-45f0-a2d3-42f7fe3f78cf"} 
2025-11-05 16:56:49.534 [http-json-ledger-api-pekko.actor.default-dispatcher-21] INFO  com.daml.http.WebSocketService - Websocket client has disconnected. Current number of clients: 1, context: {instance_uuid: "ed50f20b-63c5-430c-ad76-3d5492abf446", request_id: "e798e7e0-f78b-48cc-be15-1fca4bffd6d8"} 
2025-11-05 16:56:49.736 [http-json-ledger-api-pekko.actor.default-dispatcher-23] INFO  com.daml.http.WebSocketService - Websocket client has disconnected. Current number of clients: 0, context: {instance_uuid: "ed50f20b-63c5-430c-ad76-3d5492abf446", request_id: "794f9a52-e241-4abd-bcfa-9a8cb7a41105"} 
2025-11-05 16:57:11.676 [http-json-ledger-api-pekko.actor.default-dispatcher-16] INFO  com.daml.http.WebsocketEndpoints - GOT daml.ws.auth, context: {instance_uuid: "ed50f20b-63c5-430c-ad76-3d5492abf446", request_id: "c86cb9b0-d5c3-4070-90c4-6e13bffcdfd7"} 
2025-11-05 16:57:11.682 [http-json-ledger-api-pekko.actor.default-dispatcher-16] INFO  com.daml.http.WebSocketService - New websocket client has connected, current number of clients:1, context: {instance_uuid: "ed50f20b-63c5-430c-ad76-3d5492abf446", request_id: "c86cb9b0-d5c3-4070-90c4-6e13bffcdfd7"} 
2025-11-05 16:57:14.304 [http-json-ledger-api-pekko.actor.default-dispatcher-21] INFO  com.daml.http.WebSocketService - Websocket client has disconnected. Current number of clients: 0, context: {instance_uuid: "ed50f20b-63c5-430c-ad76-3d5492abf446", request_id: "c86cb9b0-d5c3-4070-90c4-6e13bffcdfd7"} 
2025-11-05 16:57:14.331 [http-json-ledger-api-pekko.actor.default-dispatcher-20] INFO  com.daml.http.WebsocketEndpoints - GOT daml.ws.auth, context: {instance_uuid: "ed50f20b-63c5-430c-ad76-3d5492abf446", request_id: "c4793219-8e41-47b9-bb21-0fa458e2b814"} 
2025-11-05 16:57:14.339 [http-json-ledger-api-pekko.actor.default-dispatcher-20] INFO  com.daml.http.WebSocketService - New websocket client has connected, current number of clients:1, context: {instance_uuid: "ed50f20b-63c5-430c-ad76-3d5492abf446", request_id: "c4793219-8e41-47b9-bb21-0fa458e2b814"} 
2025-11-05 16:57:14.367 [http-json-ledger-api-pekko.actor.default-dispatcher-16] INFO  com.daml.http.WebsocketEndpoints - GOT daml.ws.auth, context: {instance_uuid: "ed50f20b-63c5-430c-ad76-3d5492abf446", request_id: "f0d53b03-1bce-4b78-928a-a3da3e379b9e"} 
2025-11-05 16:57:14.373 [http-json-ledger-api-pekko.actor.default-dispatcher-16] INFO  com.daml.http.WebSocketService - New websocket client has connected, current number of clients:2, context: {instance_uuid: "ed50f20b-63c5-430c-ad76-3d5492abf446", request_id: "f0d53b03-1bce-4b78-928a-a3da3e379b9e"} 
2025-11-05 16:57:14.430 [http-json-ledger-api-pekko.actor.default-dispatcher-19] INFO  com.daml.http.WebsocketEndpoints - GOT daml.ws.auth, context: {instance_uuid: "ed50f20b-63c5-430c-ad76-3d5492abf446", request_id: "8048ce0c-89c4-447f-b897-d2f00bcd9f98"} 
2025-11-05 16:57:14.440 [http-json-ledger-api-pekko.actor.default-dispatcher-19] INFO  com.daml.http.WebSocketService - New websocket client has connected, current number of clients:3, context: {instance_uuid: "ed50f20b-63c5-430c-ad76-3d5492abf446", request_id: "8048ce0c-89c4-447f-b897-d2f00bcd9f98"} 
2025-11-05 16:57:14.472 [http-json-ledger-api-pekko.actor.default-dispatcher-10] INFO  com.daml.http.WebsocketEndpoints - GOT daml.ws.auth, context: {instance_uuid: "ed50f20b-63c5-430c-ad76-3d5492abf446", request_id: "012ba219-b14a-4ed7-b837-844188fd67ff"} 
2025-11-05 16:57:14.484 [http-json-ledger-api-pekko.actor.default-dispatcher-10] INFO  com.daml.http.WebSocketService - New websocket client has connected, current number of clients:4, context: {instance_uuid: "ed50f20b-63c5-430c-ad76-3d5492abf446", request_id: "012ba219-b14a-4ed7-b837-844188fd67ff"} 
2025-11-05 16:57:14.512 [http-json-ledger-api-pekko.actor.default-dispatcher-12] INFO  com.daml.http.WebsocketEndpoints - GOT daml.ws.auth, context: {instance_uuid: "ed50f20b-63c5-430c-ad76-3d5492abf446", request_id: "9c577490-8c83-423e-a232-560a99c6ca58"} 
2025-11-05 16:57:14.534 [http-json-ledger-api-pekko.actor.default-dispatcher-12] INFO  com.daml.http.WebSocketService - New websocket client has connected, current number of clients:5, context: {instance_uuid: "ed50f20b-63c5-430c-ad76-3d5492abf446", request_id: "9c577490-8c83-423e-a232-560a99c6ca58"} 
2025-11-05 16:59:05.105 [http-json-ledger-api-pekko.actor.default-dispatcher-23] INFO  com.daml.http.WebSocketService - Websocket client has disconnected. Current number of clients: 4, context: {instance_uuid: "ed50f20b-63c5-430c-ad76-3d5492abf446", request_id: "9c577490-8c83-423e-a232-560a99c6ca58"} 
2025-11-05 16:59:05.209 [http-json-ledger-api-pekko.actor.default-dispatcher-25] INFO  com.daml.http.WebSocketService - Websocket client has disconnected. Current number of clients: 3, context: {instance_uuid: "ed50f20b-63c5-430c-ad76-3d5492abf446", request_id: "f0d53b03-1bce-4b78-928a-a3da3e379b9e"} 
2025-11-05 16:59:05.232 [http-json-ledger-api-pekko.actor.default-dispatcher-7] INFO  com.daml.http.WebSocketService - Websocket client has disconnected. Current number of clients: 2, context: {instance_uuid: "ed50f20b-63c5-430c-ad76-3d5492abf446", request_id: "012ba219-b14a-4ed7-b837-844188fd67ff"} 
2025-11-05 16:59:05.238 [http-json-ledger-api-pekko.actor.default-dispatcher-21] INFO  com.daml.http.WebSocketService - Websocket client has disconnected. Current number of clients: 1, context: {instance_uuid: "ed50f20b-63c5-430c-ad76-3d5492abf446", request_id: "c4793219-8e41-47b9-bb21-0fa458e2b814"} 
2025-11-05 16:59:05.239 [http-json-ledger-api-pekko.actor.default-dispatcher-10] INFO  com.daml.http.WebSocketService - Websocket client has disconnected. Current number of clients: 0, context: {instance_uuid: "ed50f20b-63c5-430c-ad76-3d5492abf446", request_id: "8048ce0c-89c4-447f-b897-d2f00bcd9f98"} 
2025-11-05 17:00:29.142 [http-json-ledger-api-pekko.actor.default-dispatcher-25] INFO  com.daml.http.WebsocketEndpoints - GOT daml.ws.auth, context: {instance_uuid: "ed50f20b-63c5-430c-ad76-3d5492abf446", request_id: "4db107b5-6c10-4491-a349-64544738e62a"} 
2025-11-05 17:00:29.203 [http-json-ledger-api-pekko.actor.default-dispatcher-25] INFO  com.daml.http.WebSocketService - New websocket client has connected, current number of clients:1, context: {instance_uuid: "ed50f20b-63c5-430c-ad76-3d5492abf446", request_id: "4db107b5-6c10-4491-a349-64544738e62a"} 
2025-11-05 17:00:31.956 [http-json-ledger-api-pekko.actor.default-dispatcher-10] INFO  com.daml.http.WebSocketService - Websocket client has disconnected. Current number of clients: 0, context: {instance_uuid: "ed50f20b-63c5-430c-ad76-3d5492abf446", request_id: "4db107b5-6c10-4491-a349-64544738e62a"} 
2025-11-05 17:00:31.974 [http-json-ledger-api-pekko.actor.default-dispatcher-7] INFO  com.daml.http.WebsocketEndpoints - GOT daml.ws.auth, context: {instance_uuid: "ed50f20b-63c5-430c-ad76-3d5492abf446", request_id: "f4b769c5-cde3-4dfe-be77-cd6def1ce3d8"} 
2025-11-05 17:00:31.979 [http-json-ledger-api-pekko.actor.default-dispatcher-7] INFO  com.daml.http.WebSocketService - New websocket client has connected, current number of clients:1, context: {instance_uuid: "ed50f20b-63c5-430c-ad76-3d5492abf446", request_id: "f4b769c5-cde3-4dfe-be77-cd6def1ce3d8"} 
2025-11-05 17:00:32.001 [http-json-ledger-api-pekko.actor.default-dispatcher-21] INFO  com.daml.http.WebsocketEndpoints - GOT daml.ws.auth, context: {instance_uuid: "ed50f20b-63c5-430c-ad76-3d5492abf446", request_id: "78c5ddc6-da72-423f-9bc0-e46cc0b72564"} 
2025-11-05 17:00:32.005 [http-json-ledger-api-pekko.actor.default-dispatcher-21] INFO  com.daml.http.WebSocketService - New websocket client has connected, current number of clients:2, context: {instance_uuid: "ed50f20b-63c5-430c-ad76-3d5492abf446", request_id: "78c5ddc6-da72-423f-9bc0-e46cc0b72564"} 
2025-11-05 17:00:32.029 [http-json-ledger-api-pekko.actor.default-dispatcher-10] INFO  com.daml.http.WebsocketEndpoints - GOT daml.ws.auth, context: {instance_uuid: "ed50f20b-63c5-430c-ad76-3d5492abf446", request_id: "29af48d4-28f4-4a0f-8985-fe621af4086e"} 
2025-11-05 17:00:32.038 [http-json-ledger-api-pekko.actor.default-dispatcher-10] INFO  com.daml.http.WebSocketService - New websocket client has connected, current number of clients:3, context: {instance_uuid: "ed50f20b-63c5-430c-ad76-3d5492abf446", request_id: "29af48d4-28f4-4a0f-8985-fe621af4086e"} 
2025-11-05 17:00:32.060 [http-json-ledger-api-pekko.actor.default-dispatcher-7] INFO  com.daml.http.WebsocketEndpoints - GOT daml.ws.auth, context: {instance_uuid: "ed50f20b-63c5-430c-ad76-3d5492abf446", request_id: "b2a4f088-a5bb-4deb-8e70-7dca4ae10de2"} 
2025-11-05 17:00:32.067 [http-json-ledger-api-pekko.actor.default-dispatcher-7] INFO  com.daml.http.WebSocketService - New websocket client has connected, current number of clients:4, context: {instance_uuid: "ed50f20b-63c5-430c-ad76-3d5492abf446", request_id: "b2a4f088-a5bb-4deb-8e70-7dca4ae10de2"} 
2025-11-05 17:00:32.103 [http-json-ledger-api-pekko.actor.default-dispatcher-25] INFO  com.daml.http.WebsocketEndpoints - GOT daml.ws.auth, context: {instance_uuid: "ed50f20b-63c5-430c-ad76-3d5492abf446", request_id: "03c72555-4a3c-4474-94f5-b068eb7e5738"} 
2025-11-05 17:00:32.113 [http-json-ledger-api-pekko.actor.default-dispatcher-25] INFO  com.daml.http.WebSocketService - New websocket client has connected, current number of clients:5, context: {instance_uuid: "ed50f20b-63c5-430c-ad76-3d5492abf446", request_id: "03c72555-4a3c-4474-94f5-b068eb7e5738"} 
2025-11-05 17:05:45.461 [http-json-ledger-api-pekko.actor.default-dispatcher-7] INFO  com.daml.http.WebSocketService - Websocket client has disconnected. Current number of clients: 4, context: {instance_uuid: "ed50f20b-63c5-430c-ad76-3d5492abf446", request_id: "b2a4f088-a5bb-4deb-8e70-7dca4ae10de2"} 
2025-11-05 17:05:45.468 [http-json-ledger-api-pekko.actor.default-dispatcher-7] INFO  com.daml.http.WebSocketService - Websocket client has disconnected. Current number of clients: 2, context: {instance_uuid: "ed50f20b-63c5-430c-ad76-3d5492abf446", request_id: "29af48d4-28f4-4a0f-8985-fe621af4086e"} 
2025-11-05 17:05:45.461 [http-json-ledger-api-pekko.actor.default-dispatcher-25] INFO  com.daml.http.WebSocketService - Websocket client has disconnected. Current number of clients: 3, context: {instance_uuid: "ed50f20b-63c5-430c-ad76-3d5492abf446", request_id: "78c5ddc6-da72-423f-9bc0-e46cc0b72564"} 
2025-11-05 17:05:45.475 [http-json-ledger-api-pekko.actor.default-dispatcher-12] INFO  com.daml.http.WebSocketService - Websocket client has disconnected. Current number of clients: 1, context: {instance_uuid: "ed50f20b-63c5-430c-ad76-3d5492abf446", request_id: "03c72555-4a3c-4474-94f5-b068eb7e5738"} 
2025-11-05 17:05:45.473 [http-json-ledger-api-pekko.actor.default-dispatcher-23] INFO  com.daml.http.WebSocketService - Websocket client has disconnected. Current number of clients: 0, context: {instance_uuid: "ed50f20b-63c5-430c-ad76-3d5492abf446", request_id: "f4b769c5-cde3-4dfe-be77-cd6def1ce3d8"} 
2025-11-05 17:05:58.498 [http-json-ledger-api-pekko.actor.default-dispatcher-25] INFO  com.daml.http.WebsocketEndpoints - GOT daml.ws.auth, context: {instance_uuid: "ed50f20b-63c5-430c-ad76-3d5492abf446", request_id: "2439780b-1c5d-4da0-b6b2-74110eae8afc"} 
2025-11-05 17:05:58.505 [http-json-ledger-api-pekko.actor.default-dispatcher-25] INFO  com.daml.http.WebSocketService - New websocket client has connected, current number of clients:1, context: {instance_uuid: "ed50f20b-63c5-430c-ad76-3d5492abf446", request_id: "2439780b-1c5d-4da0-b6b2-74110eae8afc"} 
2025-11-05 17:06:04.918 [http-json-ledger-api-pekko.actor.default-dispatcher-19] INFO  com.daml.http.WebSocketService - Websocket client has disconnected. Current number of clients: 0, context: {instance_uuid: "ed50f20b-63c5-430c-ad76-3d5492abf446", request_id: "2439780b-1c5d-4da0-b6b2-74110eae8afc"} 
2025-11-05 17:06:04.934 [http-json-ledger-api-pekko.actor.default-dispatcher-23] INFO  com.daml.http.WebsocketEndpoints - GOT daml.ws.auth, context: {instance_uuid: "ed50f20b-63c5-430c-ad76-3d5492abf446", request_id: "b65d9983-6f94-4998-a619-3b17af089751"} 
2025-11-05 17:06:04.941 [http-json-ledger-api-pekko.actor.default-dispatcher-23] INFO  com.daml.http.WebSocketService - New websocket client has connected, current number of clients:1, context: {instance_uuid: "ed50f20b-63c5-430c-ad76-3d5492abf446", request_id: "b65d9983-6f94-4998-a619-3b17af089751"} 
2025-11-05 17:06:05.026 [http-json-ledger-api-pekko.actor.default-dispatcher-19] INFO  com.daml.http.WebsocketEndpoints - GOT daml.ws.auth, context: {instance_uuid: "ed50f20b-63c5-430c-ad76-3d5492abf446", request_id: "d4646b8a-d1a1-4f08-9082-bec3d232975c"} 
2025-11-05 17:06:05.034 [http-json-ledger-api-pekko.actor.default-dispatcher-19] INFO  com.daml.http.WebSocketService - New websocket client has connected, current number of clients:2, context: {instance_uuid: "ed50f20b-63c5-430c-ad76-3d5492abf446", request_id: "d4646b8a-d1a1-4f08-9082-bec3d232975c"} 
2025-11-05 17:06:05.068 [http-json-ledger-api-pekko.actor.default-dispatcher-24] INFO  com.daml.http.WebsocketEndpoints - GOT daml.ws.auth, context: {instance_uuid: "ed50f20b-63c5-430c-ad76-3d5492abf446", request_id: "e766f2ca-4919-4b16-b7c8-3bd86a3d7ae6"} 
2025-11-05 17:06:05.089 [http-json-ledger-api-pekko.actor.default-dispatcher-24] INFO  com.daml.http.WebSocketService - New websocket client has connected, current number of clients:3, context: {instance_uuid: "ed50f20b-63c5-430c-ad76-3d5492abf446", request_id: "e766f2ca-4919-4b16-b7c8-3bd86a3d7ae6"} 
2025-11-05 17:06:05.129 [http-json-ledger-api-pekko.actor.default-dispatcher-20] INFO  com.daml.http.WebsocketEndpoints - GOT daml.ws.auth, context: {instance_uuid: "ed50f20b-63c5-430c-ad76-3d5492abf446", request_id: "f3fe1b02-e58d-4081-9097-c798e6390b39"} 
2025-11-05 17:06:05.145 [http-json-ledger-api-pekko.actor.default-dispatcher-20] INFO  com.daml.http.WebSocketService - New websocket client has connected, current number of clients:4, context: {instance_uuid: "ed50f20b-63c5-430c-ad76-3d5492abf446", request_id: "f3fe1b02-e58d-4081-9097-c798e6390b39"} 
2025-11-05 17:06:05.179 [http-json-ledger-api-pekko.actor.default-dispatcher-36] INFO  com.daml.http.WebsocketEndpoints - GOT daml.ws.auth, context: {instance_uuid: "ed50f20b-63c5-430c-ad76-3d5492abf446", request_id: "8f8b393c-9c71-4c79-b676-227f77efde26"} 
2025-11-05 17:06:05.185 [http-json-ledger-api-pekko.actor.default-dispatcher-36] INFO  com.daml.http.WebSocketService - New websocket client has connected, current number of clients:5, context: {instance_uuid: "ed50f20b-63c5-430c-ad76-3d5492abf446", request_id: "8f8b393c-9c71-4c79-b676-227f77efde26"} 
2025-11-05 17:12:39.199 [http-json-ledger-api-pekko.actor.default-dispatcher-24] INFO  com.daml.http.WebSocketService - Websocket client has disconnected. Current number of clients: 1, context: {instance_uuid: "ed50f20b-63c5-430c-ad76-3d5492abf446", request_id: "8f8b393c-9c71-4c79-b676-227f77efde26"} 
2025-11-05 17:12:39.196 [http-json-ledger-api-pekko.actor.default-dispatcher-12] INFO  com.daml.http.WebSocketService - Websocket client has disconnected. Current number of clients: 3, context: {instance_uuid: "ed50f20b-63c5-430c-ad76-3d5492abf446", request_id: "b65d9983-6f94-4998-a619-3b17af089751"} 
2025-11-05 17:12:39.199 [http-json-ledger-api-pekko.actor.default-dispatcher-19] INFO  com.daml.http.WebSocketService - Websocket client has disconnected. Current number of clients: 2, context: {instance_uuid: "ed50f20b-63c5-430c-ad76-3d5492abf446", request_id: "d4646b8a-d1a1-4f08-9082-bec3d232975c"} 
2025-11-05 17:12:39.191 [http-json-ledger-api-pekko.actor.default-dispatcher-22] INFO  com.daml.http.WebSocketService - Websocket client has disconnected. Current number of clients: 4, context: {instance_uuid: "ed50f20b-63c5-430c-ad76-3d5492abf446", request_id: "f3fe1b02-e58d-4081-9097-c798e6390b39"} 
2025-11-05 17:12:39.199 [http-json-ledger-api-pekko.actor.default-dispatcher-20] INFO  com.daml.http.WebSocketService - Websocket client has disconnected. Current number of clients: 0, context: {instance_uuid: "ed50f20b-63c5-430c-ad76-3d5492abf446", request_id: "e766f2ca-4919-4b16-b7c8-3bd86a3d7ae6"} 
2025-11-05 17:12:47.575 [http-json-ledger-api-pekko.actor.default-dispatcher-23] INFO  com.daml.http.WebsocketEndpoints - GOT daml.ws.auth, context: {instance_uuid: "ed50f20b-63c5-430c-ad76-3d5492abf446", request_id: "dff4b654-e640-4f54-8f64-a9ebb7d2f0b2"} 
2025-11-05 17:12:47.582 [http-json-ledger-api-pekko.actor.default-dispatcher-23] INFO  com.daml.http.WebSocketService - New websocket client has connected, current number of clients:1, context: {instance_uuid: "ed50f20b-63c5-430c-ad76-3d5492abf446", request_id: "dff4b654-e640-4f54-8f64-a9ebb7d2f0b2"} 
2025-11-05 17:12:51.580 [http-json-ledger-api-pekko.actor.default-dispatcher-19] INFO  com.daml.http.WebSocketService - Websocket client has disconnected. Current number of clients: 0, context: {instance_uuid: "ed50f20b-63c5-430c-ad76-3d5492abf446", request_id: "dff4b654-e640-4f54-8f64-a9ebb7d2f0b2"} 
2025-11-05 17:12:51.600 [http-json-ledger-api-pekko.actor.default-dispatcher-23] INFO  com.daml.http.WebsocketEndpoints - GOT daml.ws.auth, context: {instance_uuid: "ed50f20b-63c5-430c-ad76-3d5492abf446", request_id: "bc9d97ad-e501-4be9-aff0-142905686ef6"} 
2025-11-05 17:12:51.617 [http-json-ledger-api-pekko.actor.default-dispatcher-23] INFO  com.daml.http.WebSocketService - New websocket client has connected, current number of clients:1, context: {instance_uuid: "ed50f20b-63c5-430c-ad76-3d5492abf446", request_id: "bc9d97ad-e501-4be9-aff0-142905686ef6"} 
2025-11-05 17:12:51.672 [http-json-ledger-api-pekko.actor.default-dispatcher-19] INFO  com.daml.http.WebsocketEndpoints - GOT daml.ws.auth, context: {instance_uuid: "ed50f20b-63c5-430c-ad76-3d5492abf446", request_id: "cad19d1a-1771-4cbe-945d-af11de4b3f50"} 
2025-11-05 17:12:51.687 [http-json-ledger-api-pekko.actor.default-dispatcher-19] INFO  com.daml.http.WebSocketService - New websocket client has connected, current number of clients:2, context: {instance_uuid: "ed50f20b-63c5-430c-ad76-3d5492abf446", request_id: "cad19d1a-1771-4cbe-945d-af11de4b3f50"} 
2025-11-05 17:12:51.720 [http-json-ledger-api-pekko.actor.default-dispatcher-19] INFO  com.daml.http.WebsocketEndpoints - GOT daml.ws.auth, context: {instance_uuid: "ed50f20b-63c5-430c-ad76-3d5492abf446", request_id: "062c5c06-0ca1-4a14-a597-9b90c380ba2e"} 
2025-11-05 17:12:51.724 [http-json-ledger-api-pekko.actor.default-dispatcher-19] INFO  com.daml.http.WebSocketService - New websocket client has connected, current number of clients:3, context: {instance_uuid: "ed50f20b-63c5-430c-ad76-3d5492abf446", request_id: "062c5c06-0ca1-4a14-a597-9b90c380ba2e"} 
2025-11-05 17:12:51.744 [http-json-ledger-api-pekko.actor.default-dispatcher-25] INFO  com.daml.http.WebsocketEndpoints - GOT daml.ws.auth, context: {instance_uuid: "ed50f20b-63c5-430c-ad76-3d5492abf446", request_id: "f7df2f86-b1cc-4d65-9c0a-275f96471088"} 
2025-11-05 17:12:51.748 [http-json-ledger-api-pekko.actor.default-dispatcher-25] INFO  com.daml.http.WebSocketService - New websocket client has connected, current number of clients:4, context: {instance_uuid: "ed50f20b-63c5-430c-ad76-3d5492abf446", request_id: "f7df2f86-b1cc-4d65-9c0a-275f96471088"} 
2025-11-05 17:12:51.765 [http-json-ledger-api-pekko.actor.default-dispatcher-23] INFO  com.daml.http.WebsocketEndpoints - GOT daml.ws.auth, context: {instance_uuid: "ed50f20b-63c5-430c-ad76-3d5492abf446", request_id: "ed83d6ce-de5c-4d93-bbc6-da0bef230124"} 
2025-11-05 17:12:51.768 [http-json-ledger-api-pekko.actor.default-dispatcher-23] INFO  com.daml.http.WebSocketService - New websocket client has connected, current number of clients:5, context: {instance_uuid: "ed50f20b-63c5-430c-ad76-3d5492abf446", request_id: "ed83d6ce-de5c-4d93-bbc6-da0bef230124"} 
2025-11-05 17:21:36.067 [http-json-ledger-api-pekko.actor.default-dispatcher-7] INFO  com.daml.http.WebSocketService - Websocket client has disconnected. Current number of clients: 1, context: {instance_uuid: "ed50f20b-63c5-430c-ad76-3d5492abf446", request_id: "062c5c06-0ca1-4a14-a597-9b90c380ba2e"} 
2025-11-05 17:21:36.067 [http-json-ledger-api-pekko.actor.default-dispatcher-23] INFO  com.daml.http.WebSocketService - Websocket client has disconnected. Current number of clients: 4, context: {instance_uuid: "ed50f20b-63c5-430c-ad76-3d5492abf446", request_id: "ed83d6ce-de5c-4d93-bbc6-da0bef230124"} 
2025-11-05 17:21:36.067 [http-json-ledger-api-pekko.actor.default-dispatcher-36] INFO  com.daml.http.WebSocketService - Websocket client has disconnected. Current number of clients: 3, context: {instance_uuid: "ed50f20b-63c5-430c-ad76-3d5492abf446", request_id: "cad19d1a-1771-4cbe-945d-af11de4b3f50"} 
2025-11-05 17:21:36.068 [http-json-ledger-api-pekko.actor.default-dispatcher-21] INFO  com.daml.http.WebSocketService - Websocket client has disconnected. Current number of clients: 0, context: {instance_uuid: "ed50f20b-63c5-430c-ad76-3d5492abf446", request_id: "f7df2f86-b1cc-4d65-9c0a-275f96471088"} 
2025-11-05 17:21:36.068 [http-json-ledger-api-pekko.actor.default-dispatcher-20] INFO  com.daml.http.WebSocketService - Websocket client has disconnected. Current number of clients: 2, context: {instance_uuid: "ed50f20b-63c5-430c-ad76-3d5492abf446", request_id: "bc9d97ad-e501-4be9-aff0-142905686ef6"} 
2025-11-05 17:22:10.538 [http-json-ledger-api-pekko.actor.default-dispatcher-12] INFO  com.daml.http.WebsocketEndpoints - GOT daml.ws.auth, context: {instance_uuid: "ed50f20b-63c5-430c-ad76-3d5492abf446", request_id: "da441985-ab4b-4b32-bf14-f32f77886c8b"} 
2025-11-05 17:22:10.544 [http-json-ledger-api-pekko.actor.default-dispatcher-12] INFO  com.daml.http.WebSocketService - New websocket client has connected, current number of clients:1, context: {instance_uuid: "ed50f20b-63c5-430c-ad76-3d5492abf446", request_id: "da441985-ab4b-4b32-bf14-f32f77886c8b"} 
2025-11-05 17:22:13.827 [http-json-ledger-api-pekko.actor.default-dispatcher-21] INFO  com.daml.http.WebSocketService - Websocket client has disconnected. Current number of clients: 0, context: {instance_uuid: "ed50f20b-63c5-430c-ad76-3d5492abf446", request_id: "da441985-ab4b-4b32-bf14-f32f77886c8b"} 
2025-11-05 17:22:13.845 [http-json-ledger-api-pekko.actor.default-dispatcher-21] INFO  com.daml.http.WebsocketEndpoints - GOT daml.ws.auth, context: {instance_uuid: "ed50f20b-63c5-430c-ad76-3d5492abf446", request_id: "4e178688-6752-42e2-a821-9adbf415d470"} 
2025-11-05 17:22:13.858 [http-json-ledger-api-pekko.actor.default-dispatcher-21] INFO  com.daml.http.WebSocketService - New websocket client has connected, current number of clients:1, context: {instance_uuid: "ed50f20b-63c5-430c-ad76-3d5492abf446", request_id: "4e178688-6752-42e2-a821-9adbf415d470"} 
2025-11-05 17:22:13.882 [http-json-ledger-api-pekko.actor.default-dispatcher-21] INFO  com.daml.http.WebsocketEndpoints - GOT daml.ws.auth, context: {instance_uuid: "ed50f20b-63c5-430c-ad76-3d5492abf446", request_id: "255f6872-c9ce-4c1b-983e-cfc37cf7876c"} 
2025-11-05 17:22:13.891 [http-json-ledger-api-pekko.actor.default-dispatcher-21] INFO  com.daml.http.WebSocketService - New websocket client has connected, current number of clients:2, context: {instance_uuid: "ed50f20b-63c5-430c-ad76-3d5492abf446", request_id: "255f6872-c9ce-4c1b-983e-cfc37cf7876c"} 
2025-11-05 17:22:13.921 [http-json-ledger-api-pekko.actor.default-dispatcher-12] INFO  com.daml.http.WebsocketEndpoints - GOT daml.ws.auth, context: {instance_uuid: "ed50f20b-63c5-430c-ad76-3d5492abf446", request_id: "b138702a-e0f2-40cb-8d88-e3035757d596"} 
2025-11-05 17:22:13.924 [http-json-ledger-api-pekko.actor.default-dispatcher-12] INFO  com.daml.http.WebSocketService - New websocket client has connected, current number of clients:3, context: {instance_uuid: "ed50f20b-63c5-430c-ad76-3d5492abf446", request_id: "b138702a-e0f2-40cb-8d88-e3035757d596"} 
2025-11-05 17:22:13.962 [http-json-ledger-api-pekko.actor.default-dispatcher-21] INFO  com.daml.http.WebsocketEndpoints - GOT daml.ws.auth, context: {instance_uuid: "ed50f20b-63c5-430c-ad76-3d5492abf446", request_id: "9cc5d4f1-0b92-42bc-9155-77f7176f72ad"} 
2025-11-05 17:22:13.970 [http-json-ledger-api-pekko.actor.default-dispatcher-21] INFO  com.daml.http.WebSocketService - New websocket client has connected, current number of clients:4, context: {instance_uuid: "ed50f20b-63c5-430c-ad76-3d5492abf446", request_id: "9cc5d4f1-0b92-42bc-9155-77f7176f72ad"} 
2025-11-05 17:22:13.994 [http-json-ledger-api-pekko.actor.default-dispatcher-36] INFO  com.daml.http.WebsocketEndpoints - GOT daml.ws.auth, context: {instance_uuid: "ed50f20b-63c5-430c-ad76-3d5492abf446", request_id: "4f94cd2b-35c7-4e66-98e6-e8dbe3b454d7"} 
2025-11-05 17:22:13.999 [http-json-ledger-api-pekko.actor.default-dispatcher-36] INFO  com.daml.http.WebSocketService - New websocket client has connected, current number of clients:5, context: {instance_uuid: "ed50f20b-63c5-430c-ad76-3d5492abf446", request_id: "4f94cd2b-35c7-4e66-98e6-e8dbe3b454d7"} 
